[Mon May  4 03:36:30 PM CEST 2026] Job started on ly-w103
SLURM_JOB_ID=842186
PROJECT_DIR=/globalsc/users/b/a/baffetti/research/TransfomerROM
ENTRYPOINT=Baseline_main.py
BASELINE_MODEL=fno2d
Activating environment: /globalsc/ulb/atm/baffetti/envs/artfire_new/bin/activate
/globalsc/users/b/a/baffetti/envs/artfire_new/bin/python
/globalsc/users/b/a/baffetti/envs/artfire_new/bin/pip
Python 3.11.3
Mon May  4 15:36:30 2026       
+-----------------------------------------------------------------------------------------+
| NVIDIA-SMI 570.124.06             Driver Version: 570.124.06     CUDA Version: 12.8     |
|-----------------------------------------+------------------------+----------------------+
| GPU  Name                 Persistence-M | Bus-Id          Disp.A | Volatile Uncorr. ECC |
| Fan  Temp   Perf          Pwr:Usage/Cap |           Memory-Usage | GPU-Util  Compute M. |
|                                         |                        |               MIG M. |
|=========================================+========================+======================|
|   0  NVIDIA RTX 6000 Ada Gene...    On  |   00000000:01:00.0 Off |                  Off |
| 30%   55C    P5             75W /  300W |       2MiB /  49140MiB |      0%      Default |
|                                         |                        |                  N/A |
+-----------------------------------------+------------------------+----------------------+
                                                                                         
+-----------------------------------------------------------------------------------------+
| Processes:                                                                              |
|  GPU   GI   CI              PID   Type   Process name                        GPU Memory |
|        ID   ID                                                               Usage      |
|=========================================================================================|
|  No running processes found                                                             |
+-----------------------------------------------------------------------------------------+
Python usato: /globalsc/users/b/a/baffetti/envs/artfire_new/bin/python
torch version: 2.5.0+cu124

Epoch 001 | train loss: 0.142228 | val loss: 0.042078

Epoch 002 | train loss: 0.009440 | val loss: 0.002128

Epoch 003 | train loss: 0.002897 | val loss: 0.001288

Epoch 004 | train loss: 0.001930 | val loss: 0.001323

Epoch 005 | train loss: 0.001597 | val loss: 0.000541

Epoch 006 | train loss: 0.001272 | val loss: 0.000642

Epoch 007 | train loss: 0.000971 | val loss: 0.000683

Epoch 008 | train loss: 0.000905 | val loss: 0.000333

Epoch 009 | train loss: 0.000807 | val loss: 0.000430

Epoch 010 | train loss: 0.000696 | val loss: 0.000417

Epoch 011 | train loss: 0.000672 | val loss: 0.000688

Epoch 012 | train loss: 0.000619 | val loss: 0.000616

Epoch 013 | train loss: 0.000649 | val loss: 0.000493

Epoch 014 | train loss: 0.000501 | val loss: 0.000882

Epoch 015 | train loss: 0.000607 | val loss: 0.000310

Epoch 016 | train loss: 0.000503 | val loss: 0.000446

Epoch 017 | train loss: 0.000510 | val loss: 0.000206

Epoch 018 | train loss: 0.000515 | val loss: 0.000226

Epoch 019 | train loss: 0.000439 | val loss: 0.000537

Epoch 020 | train loss: 0.000443 | val loss: 0.000525

Epoch 021 | train loss: 0.000381 | val loss: 0.000646

Epoch 022 | train loss: 0.000449 | val loss: 0.000459

Epoch 023 | train loss: 0.000309 | val loss: 0.000530

Epoch 024 | train loss: 0.000444 | val loss: 0.000561

Epoch 025 | train loss: 0.000363 | val loss: 0.000223

Epoch 026 | train loss: 0.000301 | val loss: 0.000213

Epoch 027 | train loss: 0.000427 | val loss: 0.000206

Epoch 028 | train loss: 0.000311 | val loss: 0.000277

Epoch 029 | train loss: 0.000313 | val loss: 0.000193

Epoch 030 | train loss: 0.000273 | val loss: 0.000318

Epoch 031 | train loss: 0.000328 | val loss: 0.000194

Epoch 032 | train loss: 0.000304 | val loss: 0.000185

Epoch 033 | train loss: 0.000265 | val loss: 0.000222

Epoch 034 | train loss: 0.000304 | val loss: 0.000292

Epoch 035 | train loss: 0.000281 | val loss: 0.000161

Epoch 036 | train loss: 0.000261 | val loss: 0.000170

Epoch 037 | train loss: 0.000298 | val loss: 0.000157

Epoch 038 | train loss: 0.000247 | val loss: 0.000163

Epoch 039 | train loss: 0.000253 | val loss: 0.000132

Epoch 040 | train loss: 0.000263 | val loss: 0.000263

Epoch 041 | train loss: 0.000241 | val loss: 0.000149

Epoch 042 | train loss: 0.000219 | val loss: 0.000229

Epoch 043 | train loss: 0.000245 | val loss: 0.000306

Epoch 044 | train loss: 0.000232 | val loss: 0.000143

Epoch 045 | train loss: 0.000240 | val loss: 0.000279

Epoch 046 | train loss: 0.000226 | val loss: 0.000156

Epoch 047 | train loss: 0.000237 | val loss: 0.000155

Epoch 048 | train loss: 0.000242 | val loss: 0.000140

Epoch 049 | train loss: 0.000190 | val loss: 0.000166

Epoch 050 | train loss: 0.000196 | val loss: 0.000159

Epoch 051 | train loss: 0.000226 | val loss: 0.000154

Epoch 052 | train loss: 0.000241 | val loss: 0.000176

Epoch 053 | train loss: 0.000174 | val loss: 0.000265

Epoch 054 | train loss: 0.000227 | val loss: 0.000193

Epoch 055 | train loss: 0.000171 | val loss: 0.000176

Epoch 056 | train loss: 0.000204 | val loss: 0.000154

Epoch 057 | train loss: 0.000182 | val loss: 0.000128

Epoch 058 | train loss: 0.000192 | val loss: 0.000110

Epoch 059 | train loss: 0.000173 | val loss: 0.000473

Epoch 060 | train loss: 0.000234 | val loss: 0.000118

Epoch 061 | train loss: 0.000128 | val loss: 0.000158

Epoch 062 | train loss: 0.000174 | val loss: 0.000108

Epoch 063 | train loss: 0.000200 | val loss: 0.000115

Epoch 064 | train loss: 0.000179 | val loss: 0.000105

Epoch 065 | train loss: 0.000188 | val loss: 0.000184

Epoch 066 | train loss: 0.000205 | val loss: 0.000154

Epoch 067 | train loss: 0.000133 | val loss: 0.000435

Epoch 068 | train loss: 0.000153 | val loss: 0.000170

Epoch 069 | train loss: 0.000174 | val loss: 0.000197

Epoch 070 | train loss: 0.000156 | val loss: 0.000118

Epoch 071 | train loss: 0.000171 | val loss: 0.000090

Epoch 072 | train loss: 0.000189 | val loss: 0.000165

Epoch 073 | train loss: 0.000124 | val loss: 0.000124

Epoch 074 | train loss: 0.000162 | val loss: 0.000261

Epoch 075 | train loss: 0.000146 | val loss: 0.000121

Epoch 076 | train loss: 0.000158 | val loss: 0.000112

Epoch 077 | train loss: 0.000124 | val loss: 0.000101

Epoch 078 | train loss: 0.000156 | val loss: 0.000091

Epoch 079 | train loss: 0.000143 | val loss: 0.000097

Epoch 080 | train loss: 0.000136 | val loss: 0.000499

Epoch 081 | train loss: 0.000136 | val loss: 0.000082

Epoch 082 | train loss: 0.000146 | val loss: 0.000098

Epoch 083 | train loss: 0.000127 | val loss: 0.000093

Epoch 084 | train loss: 0.000135 | val loss: 0.000137

Epoch 085 | train loss: 0.000156 | val loss: 0.000465

Epoch 086 | train loss: 0.000112 | val loss: 0.000133

Epoch 087 | train loss: 0.000168 | val loss: 0.000075

Epoch 088 | train loss: 0.000096 | val loss: 0.000177

Epoch 089 | train loss: 0.000138 | val loss: 0.000082

Epoch 090 | train loss: 0.000146 | val loss: 0.000075

Epoch 091 | train loss: 0.000143 | val loss: 0.000080

Epoch 092 | train loss: 0.000109 | val loss: 0.000078

Epoch 093 | train loss: 0.000112 | val loss: 0.000078

Epoch 094 | train loss: 0.000126 | val loss: 0.000086

Epoch 095 | train loss: 0.000115 | val loss: 0.000086

Epoch 096 | train loss: 0.000131 | val loss: 0.000182

Epoch 097 | train loss: 0.000096 | val loss: 0.000075

Epoch 098 | train loss: 0.000116 | val loss: 0.000117

Epoch 099 | train loss: 0.000117 | val loss: 0.000072

Epoch 100 | train loss: 0.000115 | val loss: 0.000114

Epoch 101 | train loss: 0.000112 | val loss: 0.000173

Epoch 102 | train loss: 0.000104 | val loss: 0.000185

Epoch 103 | train loss: 0.000123 | val loss: 0.000105

Epoch 104 | train loss: 0.000089 | val loss: 0.000303

Epoch 105 | train loss: 0.000109 | val loss: 0.000087

Epoch 106 | train loss: 0.000095 | val loss: 0.000093

Epoch 107 | train loss: 0.000112 | val loss: 0.000085

Epoch 108 | train loss: 0.000109 | val loss: 0.000114

Epoch 109 | train loss: 0.000089 | val loss: 0.000092

Epoch 110 | train loss: 0.000101 | val loss: 0.000080

Epoch 111 | train loss: 0.000091 | val loss: 0.000071

Epoch 112 | train loss: 0.000108 | val loss: 0.000066

Epoch 113 | train loss: 0.000104 | val loss: 0.000067

Epoch 114 | train loss: 0.000109 | val loss: 0.000120

Epoch 115 | train loss: 0.000092 | val loss: 0.000069

Epoch 116 | train loss: 0.000093 | val loss: 0.000063

Epoch 117 | train loss: 0.000095 | val loss: 0.000124

Epoch 118 | train loss: 0.000092 | val loss: 0.000076

Epoch 119 | train loss: 0.000111 | val loss: 0.000081

Epoch 120 | train loss: 0.000101 | val loss: 0.000070

Epoch 121 | train loss: 0.000080 | val loss: 0.000274

Epoch 122 | train loss: 0.000096 | val loss: 0.000078

Epoch 123 | train loss: 0.000104 | val loss: 0.000078

Epoch 124 | train loss: 0.000087 | val loss: 0.000123

Epoch 125 | train loss: 0.000089 | val loss: 0.000094

Epoch 126 | train loss: 0.000086 | val loss: 0.000091

Epoch 127 | train loss: 0.000111 | val loss: 0.000067

Epoch 128 | train loss: 0.000091 | val loss: 0.000092

Epoch 129 | train loss: 0.000066 | val loss: 0.000080

Epoch 130 | train loss: 0.000092 | val loss: 0.000082

Epoch 131 | train loss: 0.000077 | val loss: 0.000197

Epoch 132 | train loss: 0.000099 | val loss: 0.000084

Epoch 133 | train loss: 0.000098 | val loss: 0.000061

Epoch 134 | train loss: 0.000087 | val loss: 0.000078

Epoch 135 | train loss: 0.000085 | val loss: 0.000310

Epoch 136 | train loss: 0.000072 | val loss: 0.000067

Epoch 137 | train loss: 0.000094 | val loss: 0.000095

Epoch 138 | train loss: 0.000080 | val loss: 0.000075

Epoch 139 | train loss: 0.000076 | val loss: 0.000079

Epoch 140 | train loss: 0.000079 | val loss: 0.000114

Epoch 141 | train loss: 0.000085 | val loss: 0.000070

Epoch 142 | train loss: 0.000079 | val loss: 0.000073

Epoch 143 | train loss: 0.000082 | val loss: 0.000068

Epoch 144 | train loss: 0.000075 | val loss: 0.000129

Epoch 145 | train loss: 0.000080 | val loss: 0.000071

Epoch 146 | train loss: 0.000080 | val loss: 0.000088

Epoch 147 | train loss: 0.000078 | val loss: 0.000082

Epoch 148 | train loss: 0.000089 | val loss: 0.000105

Epoch 149 | train loss: 0.000068 | val loss: 0.000096

Epoch 150 | train loss: 0.000085 | val loss: 0.000070

Epoch 151 | train loss: 0.000071 | val loss: 0.000312

Epoch 152 | train loss: 0.000079 | val loss: 0.000067

Epoch 153 | train loss: 0.000080 | val loss: 0.000077

Epoch 154 | train loss: 0.000077 | val loss: 0.000072

Epoch 155 | train loss: 0.000081 | val loss: 0.000093

Epoch 156 | train loss: 0.000071 | val loss: 0.000081

Epoch 157 | train loss: 0.000088 | val loss: 0.000072

Epoch 158 | train loss: 0.000080 | val loss: 0.000453

Epoch 159 | train loss: 0.000068 | val loss: 0.000062

Epoch 160 | train loss: 0.000077 | val loss: 0.000060

Epoch 161 | train loss: 0.000070 | val loss: 0.000076

Epoch 162 | train loss: 0.000099 | val loss: 0.000098

Epoch 163 | train loss: 0.000055 | val loss: 0.000074

Epoch 164 | train loss: 0.000083 | val loss: 0.000081

Epoch 165 | train loss: 0.000067 | val loss: 0.000133

Epoch 166 | train loss: 0.000068 | val loss: 0.000133

Epoch 167 | train loss: 0.000066 | val loss: 0.000097

Epoch 168 | train loss: 0.000083 | val loss: 0.000066

Epoch 169 | train loss: 0.000092 | val loss: 0.000122

Epoch 170 | train loss: 0.000057 | val loss: 0.000076

Epoch 171 | train loss: 0.000093 | val loss: 0.000060

Epoch 172 | train loss: 0.000061 | val loss: 0.000074

Epoch 173 | train loss: 0.000062 | val loss: 0.000068

Epoch 174 | train loss: 0.000072 | val loss: 0.000067

Epoch 175 | train loss: 0.000069 | val loss: 0.000061

Epoch 176 | train loss: 0.000057 | val loss: 0.000071

Epoch 177 | train loss: 0.000056 | val loss: 0.000121

Epoch 178 | train loss: 0.000042 | val loss: 0.000083

Epoch 179 | train loss: 0.000075 | val loss: 0.000066

Epoch 180 | train loss: 0.000063 | val loss: 0.000059

Epoch 181 | train loss: 0.000061 | val loss: 0.000080

Epoch 182 | train loss: 0.000092 | val loss: 0.000065

Epoch 183 | train loss: 0.000055 | val loss: 0.000065

Epoch 184 | train loss: 0.000070 | val loss: 0.000065

Epoch 185 | train loss: 0.000048 | val loss: 0.000072

Epoch 186 | train loss: 0.000044 | val loss: 0.000058

Epoch 187 | train loss: 0.000050 | val loss: 0.000059

Epoch 188 | train loss: 0.000041 | val loss: 0.000074

Epoch 189 | train loss: 0.000065 | val loss: 0.000087

Epoch 190 | train loss: 0.000059 | val loss: 0.000058

Epoch 191 | train loss: 0.000037 | val loss: 0.000061

Epoch 192 | train loss: 0.000064 | val loss: 0.000057

Epoch 193 | train loss: 0.000043 | val loss: 0.000079

Epoch 194 | train loss: 0.000058 | val loss: 0.000073

Epoch 195 | train loss: 0.000038 | val loss: 0.000062

Epoch 196 | train loss: 0.000042 | val loss: 0.000065

Epoch 197 | train loss: 0.000043 | val loss: 0.000268

Epoch 198 | train loss: 0.000095 | val loss: 0.000076

Epoch 199 | train loss: 0.000045 | val loss: 0.000075

Epoch 200 | train loss: 0.000056 | val loss: 0.000078

Epoch 201 | train loss: 0.000030 | val loss: 0.000067

Epoch 202 | train loss: 0.000048 | val loss: 0.000058

Epoch 203 | train loss: 0.000039 | val loss: 0.000059

Epoch 204 | train loss: 0.000055 | val loss: 0.000068

Epoch 205 | train loss: 0.000034 | val loss: 0.000065

Epoch 206 | train loss: 0.000043 | val loss: 0.000273

Epoch 207 | train loss: 0.000049 | val loss: 0.000075

Epoch 208 | train loss: 0.000055 | val loss: 0.000056

Epoch 209 | train loss: 0.000035 | val loss: 0.000064

Epoch 210 | train loss: 0.000059 | val loss: 0.000056

Epoch 211 | train loss: 0.000051 | val loss: 0.000059

Epoch 212 | train loss: 0.000055 | val loss: 0.000071

Epoch 213 | train loss: 0.000045 | val loss: 0.000141

Epoch 214 | train loss: 0.000046 | val loss: 0.000062

Epoch 215 | train loss: 0.000066 | val loss: 0.000064

Epoch 216 | train loss: 0.000042 | val loss: 0.000059

Epoch 217 | train loss: 0.000038 | val loss: 0.000059

Epoch 218 | train loss: 0.000045 | val loss: 0.000057

Epoch 219 | train loss: 0.000036 | val loss: 0.000059

Epoch 220 | train loss: 0.000041 | val loss: 0.000151

Epoch 221 | train loss: 0.000051 | val loss: 0.000063

Epoch 222 | train loss: 0.000041 | val loss: 0.000072

Epoch 223 | train loss: 0.000045 | val loss: 0.000098

Epoch 224 | train loss: 0.000034 | val loss: 0.000057

Epoch 225 | train loss: 0.000038 | val loss: 0.000062

Epoch 226 | train loss: 0.000048 | val loss: 0.000161

Epoch 227 | train loss: 0.000034 | val loss: 0.000081

Epoch 228 | train loss: 0.000045 | val loss: 0.000057

Epoch 229 | train loss: 0.000038 | val loss: 0.000055

Epoch 230 | train loss: 0.000039 | val loss: 0.000083

Epoch 231 | train loss: 0.000045 | val loss: 0.000061

Epoch 232 | train loss: 0.000055 | val loss: 0.000055

Epoch 233 | train loss: 0.000030 | val loss: 0.000092

Epoch 234 | train loss: 0.000044 | val loss: 0.000101

Epoch 235 | train loss: 0.000038 | val loss: 0.000062

Epoch 236 | train loss: 0.000060 | val loss: 0.000057

Epoch 237 | train loss: 0.000032 | val loss: 0.000056

Epoch 238 | train loss: 0.000036 | val loss: 0.000129

Epoch 239 | train loss: 0.000028 | val loss: 0.000057

Epoch 240 | train loss: 0.000035 | val loss: 0.000057

Epoch 241 | train loss: 0.000038 | val loss: 0.000056

Epoch 242 | train loss: 0.000049 | val loss: 0.000056

Epoch 243 | train loss: 0.000036 | val loss: 0.000058

Epoch 244 | train loss: 0.000038 | val loss: 0.000056

Epoch 245 | train loss: 0.000040 | val loss: 0.000069

Epoch 246 | train loss: 0.000029 | val loss: 0.000084

Epoch 247 | train loss: 0.000053 | val loss: 0.000099

Epoch 248 | train loss: 0.000033 | val loss: 0.000056

Epoch 249 | train loss: 0.000035 | val loss: 0.000066

Epoch 250 | train loss: 0.000049 | val loss: 0.000055

Epoch 251 | train loss: 0.000025 | val loss: 0.000062

Epoch 252 | train loss: 0.000030 | val loss: 0.000070

Epoch 253 | train loss: 0.000039 | val loss: 0.000075

Epoch 254 | train loss: 0.000044 | val loss: 0.000061

Epoch 255 | train loss: 0.000029 | val loss: 0.000059

Epoch 256 | train loss: 0.000033 | val loss: 0.000056

Epoch 257 | train loss: 0.000032 | val loss: 0.000060

Epoch 258 | train loss: 0.000029 | val loss: 0.000062

Epoch 259 | train loss: 0.000037 | val loss: 0.000056

Epoch 260 | train loss: 0.000029 | val loss: 0.000056

Epoch 261 | train loss: 0.000039 | val loss: 0.000061

Epoch 262 | train loss: 0.000030 | val loss: 0.000072

Epoch 263 | train loss: 0.000045 | val loss: 0.000077

Epoch 264 | train loss: 0.000037 | val loss: 0.000056

Epoch 265 | train loss: 0.000034 | val loss: 0.000058

Epoch 266 | train loss: 0.000040 | val loss: 0.000058

Epoch 267 | train loss: 0.000026 | val loss: 0.000058

Epoch 268 | train loss: 0.000030 | val loss: 0.000085

Epoch 269 | train loss: 0.000031 | val loss: 0.000080

Epoch 270 | train loss: 0.000034 | val loss: 0.000116

Epoch 271 | train loss: 0.000032 | val loss: 0.000079

Epoch 272 | train loss: 0.000029 | val loss: 0.000062

Epoch 273 | train loss: 0.000028 | val loss: 0.000105

Epoch 274 | train loss: 0.000039 | val loss: 0.000058

Epoch 275 | train loss: 0.000028 | val loss: 0.000054

Epoch 276 | train loss: 0.000025 | val loss: 0.000064

Epoch 277 | train loss: 0.000032 | val loss: 0.000061

Epoch 278 | train loss: 0.000034 | val loss: 0.000057

Epoch 279 | train loss: 0.000030 | val loss: 0.000059

Epoch 280 | train loss: 0.000031 | val loss: 0.000059

Epoch 281 | train loss: 0.000029 | val loss: 0.000063

Epoch 282 | train loss: 0.000022 | val loss: 0.000055

Epoch 283 | train loss: 0.000030 | val loss: 0.000060

Epoch 284 | train loss: 0.000025 | val loss: 0.000056

Epoch 285 | train loss: 0.000047 | val loss: 0.000055

Epoch 286 | train loss: 0.000043 | val loss: 0.000053

Epoch 287 | train loss: 0.000021 | val loss: 0.000056

Epoch 288 | train loss: 0.000026 | val loss: 0.000055

Epoch 289 | train loss: 0.000031 | val loss: 0.000061

Epoch 290 | train loss: 0.000020 | val loss: 0.000064

Epoch 291 | train loss: 0.000027 | val loss: 0.000056

Epoch 292 | train loss: 0.000030 | val loss: 0.000059

Epoch 293 | train loss: 0.000034 | val loss: 0.000061

Epoch 294 | train loss: 0.000029 | val loss: 0.000052

Epoch 295 | train loss: 0.000026 | val loss: 0.000057

Epoch 296 | train loss: 0.000026 | val loss: 0.000055

Epoch 297 | train loss: 0.000032 | val loss: 0.000053

Epoch 298 | train loss: 0.000023 | val loss: 0.000056

Epoch 299 | train loss: 0.000025 | val loss: 0.000054

Epoch 300 | train loss: 0.000023 | val loss: 0.000053
Test loss: 0.000041
Completed baseline training for model: fno2d
[Tue May  5 04:35:14 AM CEST 2026] Job finished
