[Wed Apr 29 12:40:08 AM CEST 2026] Job started on ly-w103
SLURM_JOB_ID=807841
PROJECT_DIR=/globalsc/users/b/a/baffetti/research/TransfomerROM
ENTRYPOINT=Baseline_main.py
BASELINE_MODEL=fno3d
Activating environment: /globalsc/ulb/atm/baffetti/envs/artfire_new/bin/activate
/globalsc/users/b/a/baffetti/envs/artfire_new/bin/python
/globalsc/users/b/a/baffetti/envs/artfire_new/bin/pip
Python 3.11.3
Wed Apr 29 00:40:08 2026       
+-----------------------------------------------------------------------------------------+
| NVIDIA-SMI 570.124.06             Driver Version: 570.124.06     CUDA Version: 12.8     |
|-----------------------------------------+------------------------+----------------------+
| GPU  Name                 Persistence-M | Bus-Id          Disp.A | Volatile Uncorr. ECC |
| Fan  Temp   Perf          Pwr:Usage/Cap |           Memory-Usage | GPU-Util  Compute M. |
|                                         |                        |               MIG M. |
|=========================================+========================+======================|
|   0  NVIDIA RTX 6000 Ada Gene...    On  |   00000000:01:00.0 Off |                  Off |
| 30%   47C    P0             65W /  300W |       2MiB /  49140MiB |      0%      Default |
|                                         |                        |                  N/A |
+-----------------------------------------+------------------------+----------------------+
                                                                                         
+-----------------------------------------------------------------------------------------+
| Processes:                                                                              |
|  GPU   GI   CI              PID   Type   Process name                        GPU Memory |
|        ID   ID                                                               Usage      |
|=========================================================================================|
|  No running processes found                                                             |
+-----------------------------------------------------------------------------------------+
Python usato: /globalsc/users/b/a/baffetti/envs/artfire_new/bin/python
torch version: 2.5.0+cu124

Epoch 001 | train loss: 0.063862 | val loss: 0.004696

Epoch 002 | train loss: 0.004702 | val loss: 0.002418

Epoch 003 | train loss: 0.003222 | val loss: 0.003452

Epoch 004 | train loss: 0.002812 | val loss: 0.004773

Epoch 005 | train loss: 0.002415 | val loss: 0.002090

Epoch 006 | train loss: 0.002046 | val loss: 0.001500

Epoch 007 | train loss: 0.001879 | val loss: 0.001870

Epoch 008 | train loss: 0.001980 | val loss: 0.001593

Epoch 009 | train loss: 0.001614 | val loss: 0.001603

Epoch 010 | train loss: 0.001419 | val loss: 0.001238

Epoch 011 | train loss: 0.001424 | val loss: 0.001338

Epoch 012 | train loss: 0.001236 | val loss: 0.000874

Epoch 013 | train loss: 0.001233 | val loss: 0.000735

Epoch 014 | train loss: 0.001282 | val loss: 0.002454

Epoch 015 | train loss: 0.000990 | val loss: 0.000934

Epoch 016 | train loss: 0.001026 | val loss: 0.000704

Epoch 017 | train loss: 0.001048 | val loss: 0.000589

Epoch 018 | train loss: 0.000844 | val loss: 0.000567

Epoch 019 | train loss: 0.000971 | val loss: 0.000996

Epoch 020 | train loss: 0.000810 | val loss: 0.001369

Epoch 021 | train loss: 0.000761 | val loss: 0.000925

Epoch 022 | train loss: 0.000808 | val loss: 0.000814

Epoch 023 | train loss: 0.000711 | val loss: 0.000561

Epoch 024 | train loss: 0.000707 | val loss: 0.000690

Epoch 025 | train loss: 0.000769 | val loss: 0.001325

Epoch 026 | train loss: 0.000625 | val loss: 0.000585

Epoch 027 | train loss: 0.000600 | val loss: 0.000562

Epoch 028 | train loss: 0.000694 | val loss: 0.000691

Epoch 029 | train loss: 0.000573 | val loss: 0.000927

Epoch 030 | train loss: 0.000655 | val loss: 0.000629

Epoch 031 | train loss: 0.000568 | val loss: 0.000533

Epoch 032 | train loss: 0.000541 | val loss: 0.000470

Epoch 033 | train loss: 0.000553 | val loss: 0.000522

Epoch 034 | train loss: 0.000521 | val loss: 0.000468

Epoch 035 | train loss: 0.000574 | val loss: 0.000508

Epoch 036 | train loss: 0.000505 | val loss: 0.000867

Epoch 037 | train loss: 0.000484 | val loss: 0.000585

Epoch 038 | train loss: 0.000470 | val loss: 0.000635

Epoch 039 | train loss: 0.000495 | val loss: 0.000372

Epoch 040 | train loss: 0.000442 | val loss: 0.000581

Epoch 041 | train loss: 0.000432 | val loss: 0.000422

Epoch 042 | train loss: 0.000435 | val loss: 0.000478

Epoch 043 | train loss: 0.000515 | val loss: 0.000441

Epoch 044 | train loss: 0.000396 | val loss: 0.000557

Epoch 045 | train loss: 0.000434 | val loss: 0.000904

Epoch 046 | train loss: 0.000386 | val loss: 0.000464

Epoch 047 | train loss: 0.000408 | val loss: 0.000768

Epoch 048 | train loss: 0.000405 | val loss: 0.000462

Epoch 049 | train loss: 0.000400 | val loss: 0.000495

Epoch 050 | train loss: 0.000332 | val loss: 0.000351

Epoch 051 | train loss: 0.000415 | val loss: 0.000369

Epoch 052 | train loss: 0.000352 | val loss: 0.000870

Epoch 053 | train loss: 0.000357 | val loss: 0.000605

Epoch 054 | train loss: 0.000374 | val loss: 0.000367

Epoch 055 | train loss: 0.000326 | val loss: 0.000370

Epoch 056 | train loss: 0.000346 | val loss: 0.000334

Epoch 057 | train loss: 0.000339 | val loss: 0.000368

Epoch 058 | train loss: 0.000390 | val loss: 0.000315

Epoch 059 | train loss: 0.000295 | val loss: 0.001077

Epoch 060 | train loss: 0.000312 | val loss: 0.000489

Epoch 061 | train loss: 0.000321 | val loss: 0.000414

Epoch 062 | train loss: 0.000323 | val loss: 0.000345

Epoch 063 | train loss: 0.000309 | val loss: 0.000334

Epoch 064 | train loss: 0.000265 | val loss: 0.000353

Epoch 065 | train loss: 0.000352 | val loss: 0.000329

Epoch 066 | train loss: 0.000270 | val loss: 0.000321

Epoch 067 | train loss: 0.000290 | val loss: 0.000358

Epoch 068 | train loss: 0.000257 | val loss: 0.000498

Epoch 069 | train loss: 0.000322 | val loss: 0.000328

Epoch 070 | train loss: 0.000253 | val loss: 0.000345

Epoch 071 | train loss: 0.000281 | val loss: 0.000355

Epoch 072 | train loss: 0.000269 | val loss: 0.000379

Epoch 073 | train loss: 0.000254 | val loss: 0.000323

Epoch 074 | train loss: 0.000323 | val loss: 0.000313

Epoch 075 | train loss: 0.000218 | val loss: 0.000371

Epoch 076 | train loss: 0.000257 | val loss: 0.000287

Epoch 077 | train loss: 0.000299 | val loss: 0.000282

Epoch 078 | train loss: 0.000252 | val loss: 0.000367

Epoch 079 | train loss: 0.000219 | val loss: 0.000362

Epoch 080 | train loss: 0.000229 | val loss: 0.001717

Epoch 081 | train loss: 0.000273 | val loss: 0.000332

Epoch 082 | train loss: 0.000217 | val loss: 0.000386

Epoch 083 | train loss: 0.000225 | val loss: 0.000351

Epoch 084 | train loss: 0.000244 | val loss: 0.000288

Epoch 085 | train loss: 0.000221 | val loss: 0.000503

Epoch 086 | train loss: 0.000253 | val loss: 0.000532

Epoch 087 | train loss: 0.000188 | val loss: 0.000289

Epoch 088 | train loss: 0.000237 | val loss: 0.000331

Epoch 089 | train loss: 0.000193 | val loss: 0.000347

Epoch 090 | train loss: 0.000216 | val loss: 0.000323

Epoch 091 | train loss: 0.000227 | val loss: 0.000332

Epoch 092 | train loss: 0.000211 | val loss: 0.000278

Epoch 093 | train loss: 0.000194 | val loss: 0.000443

Epoch 094 | train loss: 0.000229 | val loss: 0.000264

Epoch 095 | train loss: 0.000207 | val loss: 0.000308

Epoch 096 | train loss: 0.000194 | val loss: 0.000282

Epoch 097 | train loss: 0.000194 | val loss: 0.000268

Epoch 098 | train loss: 0.000204 | val loss: 0.000273

Epoch 099 | train loss: 0.000180 | val loss: 0.000280

Epoch 100 | train loss: 0.000203 | val loss: 0.000268

Epoch 101 | train loss: 0.000166 | val loss: 0.000590

Epoch 102 | train loss: 0.000197 | val loss: 0.000329

Epoch 103 | train loss: 0.000184 | val loss: 0.000323

Epoch 104 | train loss: 0.000193 | val loss: 0.000373

Epoch 105 | train loss: 0.000190 | val loss: 0.000301

Epoch 106 | train loss: 0.000181 | val loss: 0.000282

Epoch 107 | train loss: 0.000175 | val loss: 0.000396

Epoch 108 | train loss: 0.000163 | val loss: 0.000330

Epoch 109 | train loss: 0.000184 | val loss: 0.000276

Epoch 110 | train loss: 0.000167 | val loss: 0.000316

Epoch 111 | train loss: 0.000179 | val loss: 0.000267

Epoch 112 | train loss: 0.000157 | val loss: 0.000306

Epoch 113 | train loss: 0.000172 | val loss: 0.000271

Epoch 114 | train loss: 0.000155 | val loss: 0.000306

Epoch 115 | train loss: 0.000190 | val loss: 0.000285

Epoch 116 | train loss: 0.000160 | val loss: 0.000271

Epoch 117 | train loss: 0.000148 | val loss: 0.000273

Epoch 118 | train loss: 0.000157 | val loss: 0.000265

Epoch 119 | train loss: 0.000158 | val loss: 0.000292

Epoch 120 | train loss: 0.000155 | val loss: 0.000258

Epoch 121 | train loss: 0.000154 | val loss: 0.000391

Epoch 122 | train loss: 0.000145 | val loss: 0.000289

Epoch 123 | train loss: 0.000156 | val loss: 0.000258

Epoch 124 | train loss: 0.000144 | val loss: 0.000602

Epoch 125 | train loss: 0.000151 | val loss: 0.000283

Epoch 126 | train loss: 0.000159 | val loss: 0.000268

Epoch 127 | train loss: 0.000145 | val loss: 0.000279

Epoch 128 | train loss: 0.000155 | val loss: 0.000335

Epoch 129 | train loss: 0.000134 | val loss: 0.000244

Epoch 130 | train loss: 0.000132 | val loss: 0.000250

Epoch 131 | train loss: 0.000162 | val loss: 0.000277

Epoch 132 | train loss: 0.000129 | val loss: 0.000269

Epoch 133 | train loss: 0.000143 | val loss: 0.000255

Epoch 134 | train loss: 0.000133 | val loss: 0.000279

Epoch 135 | train loss: 0.000135 | val loss: 0.000416

Epoch 136 | train loss: 0.000128 | val loss: 0.000256

Epoch 137 | train loss: 0.000140 | val loss: 0.000254

Epoch 138 | train loss: 0.000141 | val loss: 0.000291

Epoch 139 | train loss: 0.000120 | val loss: 0.000253

Epoch 140 | train loss: 0.000135 | val loss: 0.000260

Epoch 141 | train loss: 0.000126 | val loss: 0.000254

Epoch 142 | train loss: 0.000122 | val loss: 0.000271

Epoch 143 | train loss: 0.000133 | val loss: 0.000257

Epoch 144 | train loss: 0.000124 | val loss: 0.000456

Epoch 145 | train loss: 0.000123 | val loss: 0.000310

Epoch 146 | train loss: 0.000124 | val loss: 0.000246

Epoch 147 | train loss: 0.000122 | val loss: 0.000285

Epoch 148 | train loss: 0.000124 | val loss: 0.000266

Epoch 149 | train loss: 0.000131 | val loss: 0.000274

Epoch 150 | train loss: 0.000121 | val loss: 0.000277

Epoch 151 | train loss: 0.000106 | val loss: 0.000278

Epoch 152 | train loss: 0.000127 | val loss: 0.000246

Epoch 153 | train loss: 0.000116 | val loss: 0.000262

Epoch 154 | train loss: 0.000112 | val loss: 0.000255

Epoch 155 | train loss: 0.000123 | val loss: 0.000263

Epoch 156 | train loss: 0.000107 | val loss: 0.000428

Epoch 157 | train loss: 0.000116 | val loss: 0.000245

Epoch 158 | train loss: 0.000114 | val loss: 0.000841

Epoch 159 | train loss: 0.000113 | val loss: 0.000240

Epoch 160 | train loss: 0.000112 | val loss: 0.000240

Epoch 161 | train loss: 0.000103 | val loss: 0.000262

Epoch 162 | train loss: 0.000130 | val loss: 0.000292

Epoch 163 | train loss: 0.000091 | val loss: 0.000240

Epoch 164 | train loss: 0.000115 | val loss: 0.000233

Epoch 165 | train loss: 0.000097 | val loss: 0.000245

Epoch 166 | train loss: 0.000108 | val loss: 0.000246

Epoch 167 | train loss: 0.000103 | val loss: 0.000256

Epoch 168 | train loss: 0.000111 | val loss: 0.000246

Epoch 169 | train loss: 0.000112 | val loss: 0.000324

Epoch 170 | train loss: 0.000091 | val loss: 0.000236

Epoch 171 | train loss: 0.000098 | val loss: 0.000243

Epoch 172 | train loss: 0.000109 | val loss: 0.000240

Epoch 173 | train loss: 0.000088 | val loss: 0.000235

Epoch 174 | train loss: 0.000102 | val loss: 0.000258

Epoch 175 | train loss: 0.000101 | val loss: 0.000231

Epoch 176 | train loss: 0.000103 | val loss: 0.000243

Epoch 177 | train loss: 0.000094 | val loss: 0.000238

Epoch 178 | train loss: 0.000086 | val loss: 0.000245

Epoch 179 | train loss: 0.000109 | val loss: 0.000244

Epoch 180 | train loss: 0.000087 | val loss: 0.000238

Epoch 181 | train loss: 0.000090 | val loss: 0.000241

Epoch 182 | train loss: 0.000092 | val loss: 0.000237

Epoch 183 | train loss: 0.000085 | val loss: 0.000234

Epoch 184 | train loss: 0.000100 | val loss: 0.000241

Epoch 185 | train loss: 0.000090 | val loss: 0.000230

Epoch 186 | train loss: 0.000083 | val loss: 0.000239

Epoch 187 | train loss: 0.000089 | val loss: 0.000232

Epoch 188 | train loss: 0.000094 | val loss: 0.000230

Epoch 189 | train loss: 0.000082 | val loss: 0.000227

Epoch 190 | train loss: 0.000085 | val loss: 0.000230

Epoch 191 | train loss: 0.000092 | val loss: 0.000234

Epoch 192 | train loss: 0.000096 | val loss: 0.000236

Epoch 193 | train loss: 0.000079 | val loss: 0.000238

Epoch 194 | train loss: 0.000086 | val loss: 0.000227

Epoch 195 | train loss: 0.000076 | val loss: 0.000234

Epoch 196 | train loss: 0.000091 | val loss: 0.000238

Epoch 197 | train loss: 0.000070 | val loss: 0.000350

Epoch 198 | train loss: 0.000101 | val loss: 0.000306

Epoch 199 | train loss: 0.000079 | val loss: 0.000224

Epoch 200 | train loss: 0.000086 | val loss: 0.000227

Epoch 201 | train loss: 0.000077 | val loss: 0.000224

Epoch 202 | train loss: 0.000081 | val loss: 0.000232

Epoch 203 | train loss: 0.000080 | val loss: 0.000232

Epoch 204 | train loss: 0.000078 | val loss: 0.000232

Epoch 205 | train loss: 0.000081 | val loss: 0.000228

Epoch 206 | train loss: 0.000071 | val loss: 0.000352

Epoch 207 | train loss: 0.000090 | val loss: 0.000227

Epoch 208 | train loss: 0.000072 | val loss: 0.000227

Epoch 209 | train loss: 0.000086 | val loss: 0.000224

Epoch 210 | train loss: 0.000075 | val loss: 0.000227

Epoch 211 | train loss: 0.000072 | val loss: 0.000229

Epoch 212 | train loss: 0.000071 | val loss: 0.000232

Epoch 213 | train loss: 0.000074 | val loss: 0.000312

Epoch 214 | train loss: 0.000086 | val loss: 0.000242

Epoch 215 | train loss: 0.000073 | val loss: 0.000223

Epoch 216 | train loss: 0.000074 | val loss: 0.000249

Epoch 217 | train loss: 0.000074 | val loss: 0.000223

Epoch 218 | train loss: 0.000071 | val loss: 0.000223

Epoch 219 | train loss: 0.000070 | val loss: 0.000234

Epoch 220 | train loss: 0.000069 | val loss: 0.000281

Epoch 221 | train loss: 0.000066 | val loss: 0.000232

Epoch 222 | train loss: 0.000074 | val loss: 0.000214

Epoch 223 | train loss: 0.000070 | val loss: 0.000356

Epoch 224 | train loss: 0.000078 | val loss: 0.000216

Epoch 225 | train loss: 0.000066 | val loss: 0.000219

Epoch 226 | train loss: 0.000067 | val loss: 0.000269

Epoch 227 | train loss: 0.000069 | val loss: 0.000245

Epoch 228 | train loss: 0.000063 | val loss: 0.000224

Epoch 229 | train loss: 0.000062 | val loss: 0.000228

Epoch 230 | train loss: 0.000069 | val loss: 0.000218

Epoch 231 | train loss: 0.000074 | val loss: 0.000218

Epoch 232 | train loss: 0.000066 | val loss: 0.000218

Epoch 233 | train loss: 0.000066 | val loss: 0.000225

Epoch 234 | train loss: 0.000067 | val loss: 0.000263

Epoch 235 | train loss: 0.000066 | val loss: 0.000222

Epoch 236 | train loss: 0.000061 | val loss: 0.000223

Epoch 237 | train loss: 0.000059 | val loss: 0.000220

Epoch 238 | train loss: 0.000071 | val loss: 0.000218

Epoch 239 | train loss: 0.000060 | val loss: 0.000215

Epoch 240 | train loss: 0.000057 | val loss: 0.000216

Epoch 241 | train loss: 0.000059 | val loss: 0.000220

Epoch 242 | train loss: 0.000065 | val loss: 0.000214

Epoch 243 | train loss: 0.000062 | val loss: 0.000220

Epoch 244 | train loss: 0.000064 | val loss: 0.000217

Epoch 245 | train loss: 0.000058 | val loss: 0.000231

Epoch 246 | train loss: 0.000056 | val loss: 0.000222

Epoch 247 | train loss: 0.000058 | val loss: 0.000216

Epoch 248 | train loss: 0.000077 | val loss: 0.000219

Epoch 249 | train loss: 0.000060 | val loss: 0.000215

Epoch 250 | train loss: 0.000062 | val loss: 0.000214

Epoch 251 | train loss: 0.000055 | val loss: 0.000219

Epoch 252 | train loss: 0.000057 | val loss: 0.000239

Epoch 253 | train loss: 0.000055 | val loss: 0.000217

Epoch 254 | train loss: 0.000058 | val loss: 0.000214

Epoch 255 | train loss: 0.000054 | val loss: 0.000212

Epoch 256 | train loss: 0.000061 | val loss: 0.000227

Epoch 257 | train loss: 0.000059 | val loss: 0.000215

Epoch 258 | train loss: 0.000061 | val loss: 0.000215

Epoch 259 | train loss: 0.000058 | val loss: 0.000215

Epoch 260 | train loss: 0.000054 | val loss: 0.000218

Epoch 261 | train loss: 0.000053 | val loss: 0.000220

Epoch 262 | train loss: 0.000057 | val loss: 0.000224

Epoch 263 | train loss: 0.000052 | val loss: 0.000213

Epoch 264 | train loss: 0.000053 | val loss: 0.000222

Epoch 265 | train loss: 0.000053 | val loss: 0.000222

Epoch 266 | train loss: 0.000053 | val loss: 0.000224

Epoch 267 | train loss: 0.000054 | val loss: 0.000237

Epoch 268 | train loss: 0.000055 | val loss: 0.000213

Epoch 269 | train loss: 0.000056 | val loss: 0.000213

Epoch 270 | train loss: 0.000056 | val loss: 0.000249

Epoch 271 | train loss: 0.000062 | val loss: 0.000212

Epoch 272 | train loss: 0.000052 | val loss: 0.000210

Epoch 273 | train loss: 0.000052 | val loss: 0.000224

Epoch 274 | train loss: 0.000051 | val loss: 0.000212

Epoch 275 | train loss: 0.000060 | val loss: 0.000212

Epoch 276 | train loss: 0.000056 | val loss: 0.000211

Epoch 277 | train loss: 0.000051 | val loss: 0.000214

Epoch 278 | train loss: 0.000056 | val loss: 0.000232

Epoch 279 | train loss: 0.000048 | val loss: 0.000215

Epoch 280 | train loss: 0.000058 | val loss: 0.000210

Epoch 281 | train loss: 0.000053 | val loss: 0.000223

Epoch 282 | train loss: 0.000048 | val loss: 0.000208

Epoch 283 | train loss: 0.000050 | val loss: 0.000218

Epoch 284 | train loss: 0.000050 | val loss: 0.000212

Epoch 285 | train loss: 0.000052 | val loss: 0.000219

Epoch 286 | train loss: 0.000048 | val loss: 0.000205

Epoch 287 | train loss: 0.000054 | val loss: 0.000214

Epoch 288 | train loss: 0.000048 | val loss: 0.000210

Epoch 289 | train loss: 0.000051 | val loss: 0.000211

Epoch 290 | train loss: 0.000050 | val loss: 0.000228

Epoch 291 | train loss: 0.000051 | val loss: 0.000209

Epoch 292 | train loss: 0.000057 | val loss: 0.000209

Epoch 293 | train loss: 0.000047 | val loss: 0.000212

Epoch 294 | train loss: 0.000050 | val loss: 0.000205

Epoch 295 | train loss: 0.000055 | val loss: 0.000208

Epoch 296 | train loss: 0.000055 | val loss: 0.000205

Epoch 297 | train loss: 0.000047 | val loss: 0.000210

Epoch 298 | train loss: 0.000053 | val loss: 0.000245

Epoch 299 | train loss: 0.000053 | val loss: 0.000211

Epoch 300 | train loss: 0.000047 | val loss: 0.000214
Test loss: 0.000111
Completed baseline training for model: fno3d
[Wed Apr 29 04:50:16 AM CEST 2026] Job finished
