[Wed May  6 02:32:47 PM CEST 2026] Job started on ly-w210
SLURM_JOB_ID=856121
PROJECT_DIR=/globalsc/users/b/a/baffetti/research/TransfomerROM
ENTRYPOINT=Baseline_main.py
BASELINE_MODEL=resnet
Activating environment: /globalsc/ulb/atm/baffetti/envs/artfire_new/bin/activate
/globalsc/users/b/a/baffetti/envs/artfire_new/bin/python
/globalsc/users/b/a/baffetti/envs/artfire_new/bin/pip
Python 3.11.3
Wed May  6 14:32:47 2026       
+-----------------------------------------------------------------------------------------+
| NVIDIA-SMI 570.124.06             Driver Version: 570.124.06     CUDA Version: 12.8     |
|-----------------------------------------+------------------------+----------------------+
| GPU  Name                 Persistence-M | Bus-Id          Disp.A | Volatile Uncorr. ECC |
| Fan  Temp   Perf          Pwr:Usage/Cap |           Memory-Usage | GPU-Util  Compute M. |
|                                         |                        |               MIG M. |
|=========================================+========================+======================|
|   0  NVIDIA RTX 6000 Ada Gene...    On  |   00000000:01:00.0 Off |                  Off |
| 48%   67C    P3             85W /  300W |       2MiB /  49140MiB |      0%      Default |
|                                         |                        |                  N/A |
+-----------------------------------------+------------------------+----------------------+
                                                                                         
+-----------------------------------------------------------------------------------------+
| Processes:                                                                              |
|  GPU   GI   CI              PID   Type   Process name                        GPU Memory |
|        ID   ID                                                               Usage      |
|=========================================================================================|
|  No running processes found                                                             |
+-----------------------------------------------------------------------------------------+
Python usato: /globalsc/users/b/a/baffetti/envs/artfire_new/bin/python
torch version: 2.5.0+cu124

Epoch 001 | train loss: 4.378293 | val loss: 0.759934

Epoch 002 | train loss: 0.226648 | val loss: 0.132885

Epoch 003 | train loss: 0.085147 | val loss: 0.069906

Epoch 004 | train loss: 0.054346 | val loss: 0.051977

Epoch 005 | train loss: 0.044088 | val loss: 0.041719

Epoch 006 | train loss: 0.035970 | val loss: 0.048483

Epoch 007 | train loss: 0.031982 | val loss: 0.040790

Epoch 008 | train loss: 0.034134 | val loss: 0.023285

Epoch 009 | train loss: 0.025591 | val loss: 0.093505

Epoch 010 | train loss: 0.026982 | val loss: 0.043181

Epoch 011 | train loss: 0.021692 | val loss: 0.057588

Epoch 012 | train loss: 0.019255 | val loss: 0.044113

Epoch 013 | train loss: 0.016174 | val loss: 0.015178

Epoch 014 | train loss: 0.015566 | val loss: 0.043893

Epoch 015 | train loss: 0.014425 | val loss: 0.012858

Epoch 016 | train loss: 0.016409 | val loss: 0.052336

Epoch 017 | train loss: 0.012474 | val loss: 0.030753

Epoch 018 | train loss: 0.012513 | val loss: 0.008219

Epoch 019 | train loss: 0.009070 | val loss: 0.010726

Epoch 020 | train loss: 0.010053 | val loss: 0.135349

Epoch 021 | train loss: 0.009135 | val loss: 0.027238

Epoch 022 | train loss: 0.009551 | val loss: 0.028760

Epoch 023 | train loss: 0.008718 | val loss: 0.008073

Epoch 024 | train loss: 0.078589 | val loss: 0.064330

Epoch 025 | train loss: 0.051853 | val loss: 0.063069

Epoch 026 | train loss: 0.031953 | val loss: 0.039514

Epoch 027 | train loss: 0.064565 | val loss: 0.085843

Epoch 028 | train loss: 0.049588 | val loss: 0.047581

Epoch 029 | train loss: 0.031482 | val loss: 0.031162

Epoch 030 | train loss: 0.023480 | val loss: 0.031705

Epoch 031 | train loss: 0.020638 | val loss: 0.021526

Epoch 032 | train loss: 0.016606 | val loss: 0.018302

Epoch 033 | train loss: 0.014586 | val loss: 0.019923

Epoch 034 | train loss: 0.015698 | val loss: 0.014685

Epoch 035 | train loss: 0.013785 | val loss: 0.013132

Epoch 036 | train loss: 0.009564 | val loss: 0.013061

Epoch 037 | train loss: 0.010442 | val loss: 0.016633

Epoch 038 | train loss: 0.008392 | val loss: 0.013127

Epoch 039 | train loss: 0.007757 | val loss: 0.010963

Epoch 040 | train loss: 0.007645 | val loss: 0.145432

Epoch 041 | train loss: 0.006900 | val loss: 0.010844

Epoch 042 | train loss: 0.006357 | val loss: 0.007824

Epoch 043 | train loss: 0.006964 | val loss: 0.008106

Epoch 044 | train loss: 3.614534 | val loss: 1.255256

Epoch 045 | train loss: 0.466427 | val loss: 0.334564

Epoch 046 | train loss: 0.175989 | val loss: 0.167560

Epoch 047 | train loss: 0.126548 | val loss: 0.129855

Epoch 048 | train loss: 0.103872 | val loss: 0.116860

Epoch 049 | train loss: 0.091627 | val loss: 0.103888

Epoch 050 | train loss: 0.079287 | val loss: 0.102788

Epoch 051 | train loss: 0.069861 | val loss: 0.084413

Epoch 052 | train loss: 0.061824 | val loss: 0.088141

Epoch 053 | train loss: 0.054660 | val loss: 0.078427

Epoch 054 | train loss: 0.054203 | val loss: 0.059335

Epoch 055 | train loss: 0.041486 | val loss: 0.047519

Epoch 056 | train loss: 0.035899 | val loss: 0.045382

Epoch 057 | train loss: 0.031513 | val loss: 0.046627

Epoch 058 | train loss: 0.029272 | val loss: 0.052834

Epoch 059 | train loss: 0.026837 | val loss: 0.041204

Epoch 060 | train loss: 0.028004 | val loss: 0.100336

Epoch 061 | train loss: 0.028224 | val loss: 0.035907

Epoch 062 | train loss: 0.020942 | val loss: 0.037632

Epoch 063 | train loss: 0.019895 | val loss: 0.031537

Epoch 064 | train loss: 0.018512 | val loss: 0.043407

Epoch 065 | train loss: 0.016183 | val loss: 0.022584

Epoch 066 | train loss: 0.013151 | val loss: 0.016626

Epoch 067 | train loss: 0.012429 | val loss: 0.028522

Epoch 068 | train loss: 0.010976 | val loss: 0.014521

Epoch 069 | train loss: 0.010529 | val loss: 0.018473

Epoch 070 | train loss: 0.009267 | val loss: 0.022427

Epoch 071 | train loss: 0.008579 | val loss: 0.016624

Epoch 072 | train loss: 0.008042 | val loss: 0.012342

Epoch 073 | train loss: 0.007825 | val loss: 0.010346

Epoch 074 | train loss: 0.006744 | val loss: 0.010293

Epoch 075 | train loss: 0.006518 | val loss: 0.009641

Epoch 076 | train loss: 0.005934 | val loss: 0.010413

Epoch 077 | train loss: 0.005982 | val loss: 0.006810

Epoch 078 | train loss: 0.005385 | val loss: 0.008105

Epoch 079 | train loss: 0.005408 | val loss: 0.008051

Epoch 080 | train loss: 0.004974 | val loss: 0.006698

Epoch 081 | train loss: 0.004523 | val loss: 0.010354

Epoch 082 | train loss: 0.004989 | val loss: 0.014227

Epoch 083 | train loss: 0.004335 | val loss: 0.005360

Epoch 084 | train loss: 0.004450 | val loss: 0.005044

Epoch 085 | train loss: 0.003973 | val loss: 0.005377

Epoch 086 | train loss: 0.003790 | val loss: 0.005132

Epoch 087 | train loss: 0.004212 | val loss: 0.003828

Epoch 088 | train loss: 0.003546 | val loss: 0.005688

Epoch 089 | train loss: 0.003691 | val loss: 0.004750

Epoch 090 | train loss: 0.003552 | val loss: 0.003918

Epoch 091 | train loss: 0.003393 | val loss: 0.004865

Epoch 092 | train loss: 0.003456 | val loss: 0.004540

Epoch 093 | train loss: 0.003342 | val loss: 0.007117

Epoch 094 | train loss: 0.003273 | val loss: 0.005875

Epoch 095 | train loss: 0.003156 | val loss: 0.003402

Epoch 096 | train loss: 0.003263 | val loss: 0.003968

Epoch 097 | train loss: 0.002947 | val loss: 0.002629

Epoch 098 | train loss: 0.002725 | val loss: 0.006085

Epoch 099 | train loss: 0.002515 | val loss: 0.003219

Epoch 100 | train loss: 0.002809 | val loss: 0.002988

Epoch 101 | train loss: 0.002746 | val loss: 0.004455

Epoch 102 | train loss: 0.002574 | val loss: 0.008449

Epoch 103 | train loss: 0.002594 | val loss: 0.003710

Epoch 104 | train loss: 0.002662 | val loss: 0.004390

Epoch 105 | train loss: 0.002745 | val loss: 0.003518

Epoch 106 | train loss: 0.002303 | val loss: 0.004828

Epoch 107 | train loss: 0.002552 | val loss: 0.003544

Epoch 108 | train loss: 0.002537 | val loss: 0.003457

Epoch 109 | train loss: 0.002270 | val loss: 0.008225

Epoch 110 | train loss: 0.006896 | val loss: 0.005248

Epoch 111 | train loss: 0.003339 | val loss: 0.004861

Epoch 112 | train loss: 0.009135 | val loss: 0.006825

Epoch 113 | train loss: 0.004042 | val loss: 0.005261

Epoch 114 | train loss: 0.003060 | val loss: 0.003652

Epoch 115 | train loss: 0.002745 | val loss: 0.002729

Epoch 116 | train loss: 0.002386 | val loss: 0.002536

Epoch 117 | train loss: 0.002582 | val loss: 0.002531

Epoch 118 | train loss: 0.002374 | val loss: 0.002679

Epoch 119 | train loss: 0.002192 | val loss: 0.002955

Epoch 120 | train loss: 0.002311 | val loss: 0.003741

Epoch 121 | train loss: 0.002163 | val loss: 0.002087

Epoch 122 | train loss: 0.002176 | val loss: 0.002391

Epoch 123 | train loss: 0.002120 | val loss: 0.001805

Epoch 124 | train loss: 0.001967 | val loss: 0.002360

Epoch 125 | train loss: 0.001969 | val loss: 0.002211

Epoch 126 | train loss: 0.002011 | val loss: 0.002976

Epoch 127 | train loss: 0.002201 | val loss: 0.001936

Epoch 128 | train loss: 0.001805 | val loss: 0.003771

Epoch 129 | train loss: 0.002145 | val loss: 0.002074

Epoch 130 | train loss: 0.002572 | val loss: 0.003703

Epoch 131 | train loss: 0.001771 | val loss: 0.002515

Epoch 132 | train loss: 0.001537 | val loss: 0.001979

Epoch 133 | train loss: 0.002257 | val loss: 0.002146

Epoch 134 | train loss: 0.001836 | val loss: 0.001653

Epoch 135 | train loss: 0.001540 | val loss: 0.003053

Epoch 136 | train loss: 0.001754 | val loss: 0.001606

Epoch 137 | train loss: 0.001537 | val loss: 0.001880

Epoch 138 | train loss: 0.001726 | val loss: 0.002834

Epoch 139 | train loss: 0.001425 | val loss: 0.001688

Epoch 140 | train loss: 0.002054 | val loss: 0.001525

Epoch 141 | train loss: 0.001443 | val loss: 0.001999

Epoch 142 | train loss: 0.001622 | val loss: 0.001576

Epoch 143 | train loss: 0.001605 | val loss: 0.002077

Epoch 144 | train loss: 0.001941 | val loss: 0.001896

Epoch 145 | train loss: 0.001552 | val loss: 0.001341

Epoch 146 | train loss: 0.001653 | val loss: 0.002280

Epoch 147 | train loss: 0.001809 | val loss: 0.003207

Epoch 148 | train loss: 0.001384 | val loss: 0.002584

Epoch 149 | train loss: 0.001307 | val loss: 0.002792

Epoch 150 | train loss: 0.001452 | val loss: 0.001380

Epoch 151 | train loss: 0.001706 | val loss: 0.002132

Epoch 152 | train loss: 0.001271 | val loss: 0.001705

Epoch 153 | train loss: 0.001306 | val loss: 0.002642

Epoch 154 | train loss: 0.001269 | val loss: 0.001500

Epoch 155 | train loss: 0.001259 | val loss: 0.002585

Epoch 156 | train loss: 0.001523 | val loss: 0.002360

Epoch 157 | train loss: 0.001245 | val loss: 0.001769

Epoch 158 | train loss: 0.001221 | val loss: 0.005014

Epoch 159 | train loss: 0.001336 | val loss: 0.001474

Epoch 160 | train loss: 0.001128 | val loss: 0.001881

Epoch 161 | train loss: 0.001256 | val loss: 0.001503

Epoch 162 | train loss: 0.001168 | val loss: 0.001843

Epoch 163 | train loss: 0.001235 | val loss: 0.001477

Epoch 164 | train loss: 0.001196 | val loss: 0.001651

Epoch 165 | train loss: 0.001131 | val loss: 0.001317

Epoch 166 | train loss: 0.001208 | val loss: 0.001664

Epoch 167 | train loss: 0.001027 | val loss: 0.005031

Epoch 168 | train loss: 0.001236 | val loss: 0.001256

Epoch 169 | train loss: 0.001194 | val loss: 0.001534

Epoch 170 | train loss: 0.001098 | val loss: 0.001169

Epoch 171 | train loss: 0.001025 | val loss: 0.001394

Epoch 172 | train loss: 0.000980 | val loss: 0.001915

Epoch 173 | train loss: 0.001023 | val loss: 0.001852

Epoch 174 | train loss: 0.001506 | val loss: 0.001288

Epoch 175 | train loss: 0.001009 | val loss: 0.001285

Epoch 176 | train loss: 0.001043 | val loss: 0.001078

Epoch 177 | train loss: 0.000903 | val loss: 0.001766

Epoch 178 | train loss: 0.001052 | val loss: 0.002439

Epoch 179 | train loss: 0.000998 | val loss: 0.001324

Epoch 180 | train loss: 0.001055 | val loss: 0.001058

Epoch 181 | train loss: 0.000974 | val loss: 0.001450

Epoch 182 | train loss: 0.000916 | val loss: 0.002189

Epoch 183 | train loss: 0.001094 | val loss: 0.001128

Epoch 184 | train loss: 0.000839 | val loss: 0.001015

Epoch 185 | train loss: 0.001005 | val loss: 0.001008

Epoch 186 | train loss: 0.000871 | val loss: 0.001310

Epoch 187 | train loss: 0.000904 | val loss: 0.001337

Epoch 188 | train loss: 0.000892 | val loss: 0.001154

Epoch 189 | train loss: 0.000899 | val loss: 0.001020

Epoch 190 | train loss: 0.000947 | val loss: 0.003756

Epoch 191 | train loss: 0.001122 | val loss: 0.001320

Epoch 192 | train loss: 0.000796 | val loss: 0.001131

Epoch 193 | train loss: 0.000820 | val loss: 0.001136

Epoch 194 | train loss: 0.000979 | val loss: 0.001137

Epoch 195 | train loss: 0.000806 | val loss: 0.001134

Epoch 196 | train loss: 0.000828 | val loss: 0.001406

Epoch 197 | train loss: 0.000838 | val loss: 0.001859

Epoch 198 | train loss: 0.000948 | val loss: 0.001484

Epoch 199 | train loss: 0.000840 | val loss: 0.001070

Epoch 200 | train loss: 0.000814 | val loss: 0.001750

Epoch 201 | train loss: 0.000793 | val loss: 0.000926

Epoch 202 | train loss: 0.000836 | val loss: 0.001017

Epoch 203 | train loss: 0.001069 | val loss: 0.000950

Epoch 204 | train loss: 0.000721 | val loss: 0.001251

Epoch 205 | train loss: 0.000847 | val loss: 0.001269

Epoch 206 | train loss: 0.000801 | val loss: 0.001105

Epoch 207 | train loss: 0.000721 | val loss: 0.001053

Epoch 208 | train loss: 0.000771 | val loss: 0.001051

Epoch 209 | train loss: 0.000844 | val loss: 0.000925

Epoch 210 | train loss: 0.000729 | val loss: 0.001003

Epoch 211 | train loss: 0.000694 | val loss: 0.001001

Epoch 212 | train loss: 0.000812 | val loss: 0.000993

Epoch 213 | train loss: 0.000892 | val loss: 0.000968

Epoch 214 | train loss: 0.000653 | val loss: 0.000935

Epoch 215 | train loss: 0.000710 | val loss: 0.001018

Epoch 216 | train loss: 0.000764 | val loss: 0.001045

Epoch 217 | train loss: 0.000716 | val loss: 0.000921

Epoch 218 | train loss: 0.000765 | val loss: 0.001009

Epoch 219 | train loss: 0.000750 | val loss: 0.001699

Epoch 220 | train loss: 0.000636 | val loss: 0.001925

Epoch 221 | train loss: 0.000734 | val loss: 0.000871

Epoch 222 | train loss: 0.000654 | val loss: 0.000811

Epoch 223 | train loss: 0.000719 | val loss: 0.000913

Epoch 224 | train loss: 0.000735 | val loss: 0.000844

Epoch 225 | train loss: 0.000680 | val loss: 0.000912

Epoch 226 | train loss: 0.000707 | val loss: 0.001039

Epoch 227 | train loss: 0.000700 | val loss: 0.000800

Epoch 228 | train loss: 0.000656 | val loss: 0.000795

Epoch 229 | train loss: 0.000645 | val loss: 0.000836

Epoch 230 | train loss: 0.000680 | val loss: 0.000860

Epoch 231 | train loss: 0.000691 | val loss: 0.000842

Epoch 232 | train loss: 0.000625 | val loss: 0.000876

Epoch 233 | train loss: 0.000650 | val loss: 0.001030

Epoch 234 | train loss: 0.000721 | val loss: 0.001207

Epoch 235 | train loss: 0.000683 | val loss: 0.000841

Epoch 236 | train loss: 0.000612 | val loss: 0.000853

Epoch 237 | train loss: 0.000744 | val loss: 0.000724

Epoch 238 | train loss: 0.000623 | val loss: 0.001275

Epoch 239 | train loss: 0.000655 | val loss: 0.000813

Epoch 240 | train loss: 0.000591 | val loss: 0.000709

Epoch 241 | train loss: 0.000618 | val loss: 0.001037

Epoch 242 | train loss: 0.000646 | val loss: 0.000948

Epoch 243 | train loss: 0.000630 | val loss: 0.000886

Epoch 244 | train loss: 0.000624 | val loss: 0.000765

Epoch 245 | train loss: 0.000637 | val loss: 0.000726

Epoch 246 | train loss: 0.000600 | val loss: 0.000820

Epoch 247 | train loss: 0.000590 | val loss: 0.001035

Epoch 248 | train loss: 0.000615 | val loss: 0.000781

Epoch 249 | train loss: 0.000662 | val loss: 0.001031

Epoch 250 | train loss: 0.000649 | val loss: 0.000970

Epoch 251 | train loss: 0.000577 | val loss: 0.000993

Epoch 252 | train loss: 0.000603 | val loss: 0.001518

Epoch 253 | train loss: 0.000693 | val loss: 0.000810

Epoch 254 | train loss: 0.000604 | val loss: 0.000744

Epoch 255 | train loss: 0.000666 | val loss: 0.000736

Epoch 256 | train loss: 0.000605 | val loss: 0.000920

Epoch 257 | train loss: 0.000615 | val loss: 0.001142

Epoch 258 | train loss: 0.000607 | val loss: 0.000826

Epoch 259 | train loss: 0.000612 | val loss: 0.000790

Epoch 260 | train loss: 0.000581 | val loss: 0.000795

Epoch 261 | train loss: 0.000613 | val loss: 0.000726

Epoch 262 | train loss: 0.000585 | val loss: 0.000862

Epoch 263 | train loss: 0.000535 | val loss: 0.000682

Epoch 264 | train loss: 0.000595 | val loss: 0.001276

Epoch 265 | train loss: 0.000593 | val loss: 0.000952

Epoch 266 | train loss: 0.000598 | val loss: 0.000774

Epoch 267 | train loss: 0.000620 | val loss: 0.000819

Epoch 268 | train loss: 0.000568 | val loss: 0.001615

Epoch 269 | train loss: 0.000641 | val loss: 0.000831

Epoch 270 | train loss: 0.000559 | val loss: 0.001229

Epoch 271 | train loss: 0.000588 | val loss: 0.000751

Epoch 272 | train loss: 0.000653 | val loss: 0.001823

Epoch 273 | train loss: 0.000590 | val loss: 0.000974

Epoch 274 | train loss: 0.000549 | val loss: 0.000745

Epoch 275 | train loss: 0.000564 | val loss: 0.000758

Epoch 276 | train loss: 0.000570 | val loss: 0.000711

Epoch 277 | train loss: 0.000552 | val loss: 0.000942

Epoch 278 | train loss: 0.000567 | val loss: 0.001349

Epoch 279 | train loss: 0.000666 | val loss: 0.001253

Epoch 280 | train loss: 0.000533 | val loss: 0.000706

Epoch 281 | train loss: 0.000572 | val loss: 0.001240

Epoch 282 | train loss: 0.000545 | val loss: 0.001017

Epoch 283 | train loss: 0.000595 | val loss: 0.000868

Epoch 284 | train loss: 0.000670 | val loss: 0.000895

Epoch 285 | train loss: 0.000588 | val loss: 0.000642

Epoch 286 | train loss: 0.000538 | val loss: 0.000627

Epoch 287 | train loss: 0.000525 | val loss: 0.000738

Epoch 288 | train loss: 0.000602 | val loss: 0.000810

Epoch 289 | train loss: 0.000545 | val loss: 0.000760

Epoch 290 | train loss: 0.000574 | val loss: 0.000683

Epoch 291 | train loss: 0.000599 | val loss: 0.000651

Epoch 292 | train loss: 0.000566 | val loss: 0.000858

Epoch 293 | train loss: 0.000549 | val loss: 0.000727

Epoch 294 | train loss: 0.000538 | val loss: 0.000682

Epoch 295 | train loss: 0.000576 | val loss: 0.000727

Epoch 296 | train loss: 0.000587 | val loss: 0.000860

Epoch 297 | train loss: 0.000603 | val loss: 0.000682

Epoch 298 | train loss: 0.000586 | val loss: 0.000817

Epoch 299 | train loss: 0.000496 | val loss: 0.000981

Epoch 300 | train loss: 0.000563 | val loss: 0.000748
Test loss: 0.000580
Completed baseline training for model: resnet
[Wed May  6 05:46:13 PM CEST 2026] Job finished
