[Tue May  5 03:36:37 PM CEST 2026] Job started on ly-w210
SLURM_JOB_ID=851248
PROJECT_DIR=/globalsc/users/b/a/baffetti/research/TransfomerROM
ENTRYPOINT=Baseline_main.py
BASELINE_MODEL=unet
Activating environment: /globalsc/ulb/atm/baffetti/envs/artfire_new/bin/activate
/globalsc/users/b/a/baffetti/envs/artfire_new/bin/python
/globalsc/users/b/a/baffetti/envs/artfire_new/bin/pip
Python 3.11.3
Tue May  5 15:36:37 2026       
+-----------------------------------------------------------------------------------------+
| NVIDIA-SMI 570.124.06             Driver Version: 570.124.06     CUDA Version: 12.8     |
|-----------------------------------------+------------------------+----------------------+
| GPU  Name                 Persistence-M | Bus-Id          Disp.A | Volatile Uncorr. ECC |
| Fan  Temp   Perf          Pwr:Usage/Cap |           Memory-Usage | GPU-Util  Compute M. |
|                                         |                        |               MIG M. |
|=========================================+========================+======================|
|   0  NVIDIA RTX 6000 Ada Gene...    On  |   00000000:01:00.0 Off |                  Off |
| 47%   66C    P8             49W /  300W |       2MiB /  49140MiB |      0%      Default |
|                                         |                        |                  N/A |
+-----------------------------------------+------------------------+----------------------+
                                                                                         
+-----------------------------------------------------------------------------------------+
| Processes:                                                                              |
|  GPU   GI   CI              PID   Type   Process name                        GPU Memory |
|        ID   ID                                                               Usage      |
|=========================================================================================|
|  No running processes found                                                             |
+-----------------------------------------------------------------------------------------+
Python usato: /globalsc/users/b/a/baffetti/envs/artfire_new/bin/python
torch version: 2.5.0+cu124

Epoch 001 | train loss: 8.159692 | val loss: 2.344880

Epoch 002 | train loss: 0.284743 | val loss: 0.142862

Epoch 003 | train loss: 0.084043 | val loss: 0.160124

Epoch 004 | train loss: 0.041952 | val loss: 0.030738

Epoch 005 | train loss: 0.022747 | val loss: 0.022683

Epoch 006 | train loss: 0.015955 | val loss: 0.013283

Epoch 007 | train loss: 0.011020 | val loss: 0.009083

Epoch 008 | train loss: 0.009904 | val loss: 0.010885

Epoch 009 | train loss: 0.143665 | val loss: inf

Epoch 010 | train loss: 127.811573 | val loss: 134.152377

Epoch 011 | train loss: 337.639889 | val loss: inf

Epoch 012 | train loss: 36.001580 | val loss: 186.686616

Epoch 013 | train loss: 26.166112 | val loss: 0.656634

Epoch 014 | train loss: 0.708381 | val loss: 0.162974

Epoch 015 | train loss: 0.365147 | val loss: 0.167135

Epoch 016 | train loss: 0.270254 | val loss: 0.172071

Epoch 017 | train loss: 0.222619 | val loss: 0.157219

Epoch 018 | train loss: 0.189616 | val loss: 0.192683

Epoch 019 | train loss: 0.166959 | val loss: 0.149550

Epoch 020 | train loss: 0.151557 | val loss: 0.129910

Epoch 021 | train loss: 0.140339 | val loss: 0.193739

Epoch 022 | train loss: 0.131576 | val loss: 0.174367

Epoch 023 | train loss: 0.124238 | val loss: 0.162811

Epoch 024 | train loss: 0.118811 | val loss: 0.144252

Epoch 025 | train loss: 0.114062 | val loss: 0.187822

Epoch 026 | train loss: 0.109263 | val loss: 0.130027

Epoch 027 | train loss: 0.105765 | val loss: 0.139665

Epoch 028 | train loss: 0.102536 | val loss: 0.108977

Epoch 029 | train loss: 0.099561 | val loss: 0.107014

Epoch 030 | train loss: 0.097458 | val loss: 0.104072

Epoch 031 | train loss: 0.097155 | val loss: 0.119018

Epoch 032 | train loss: 0.095349 | val loss: 0.098942

Epoch 033 | train loss: 0.093788 | val loss: 0.170524

Epoch 034 | train loss: 0.094930 | val loss: 0.098153

Epoch 035 | train loss: 0.092185 | val loss: 0.110227

Epoch 036 | train loss: 0.090717 | val loss: 0.097328

Epoch 037 | train loss: 0.091074 | val loss: 0.100142

Epoch 038 | train loss: 0.090795 | val loss: 0.116263

Epoch 039 | train loss: 0.089830 | val loss: 0.093828

Epoch 040 | train loss: 0.088649 | val loss: 0.110322

Epoch 041 | train loss: 0.087393 | val loss: 0.105472

Epoch 042 | train loss: 0.088449 | val loss: 0.094981

Epoch 043 | train loss: 0.087322 | val loss: 0.092598

Epoch 044 | train loss: 0.087748 | val loss: 0.093769

Epoch 045 | train loss: 0.087004 | val loss: 0.093751

Epoch 046 | train loss: 0.087709 | val loss: 0.094320

Epoch 047 | train loss: 0.088064 | val loss: 0.100104

Epoch 048 | train loss: 0.086798 | val loss: 18033.325290

Epoch 049 | train loss: 0.085293 | val loss: 0.095550

Epoch 050 | train loss: 0.084951 | val loss: 0.091470

Epoch 051 | train loss: 0.084335 | val loss: 1.913795

Epoch 052 | train loss: 0.085091 | val loss: 0.092131

Epoch 053 | train loss: 0.085651 | val loss: 0.094322

Epoch 054 | train loss: 0.085220 | val loss: 1.171265

Epoch 055 | train loss: 0.084494 | val loss: 0.092186

Epoch 056 | train loss: 0.083750 | val loss: 0.099774

Epoch 057 | train loss: 0.083223 | val loss: 0.091125

Epoch 058 | train loss: 0.083247 | val loss: 0.089826

Epoch 059 | train loss: 0.082787 | val loss: 0.089057

Epoch 060 | train loss: 0.082927 | val loss: 0.090481

Epoch 061 | train loss: 0.082729 | val loss: 5.768424

Epoch 062 | train loss: 0.081833 | val loss: 0.089602

Epoch 063 | train loss: 0.081840 | val loss: 109.885873

Epoch 064 | train loss: 0.081399 | val loss: 0.088475

Epoch 065 | train loss: 0.080652 | val loss: 0.093012

Epoch 066 | train loss: 0.080099 | val loss: 7.011452

Epoch 067 | train loss: 0.079835 | val loss: 0.088135

Epoch 068 | train loss: 0.078923 | val loss: 88.881027

Epoch 069 | train loss: 0.076369 | val loss: 0.082126

Epoch 070 | train loss: 0.074336 | val loss: 0.084930

Epoch 071 | train loss: 0.107506 | val loss: 0.154224

Epoch 072 | train loss: 0.084098 | val loss: 2.158424

Epoch 073 | train loss: 0.073208 | val loss: 0.088041

Epoch 074 | train loss: 0.069057 | val loss: 0.118500

Epoch 075 | train loss: 0.064961 | val loss: 0.075460

Epoch 076 | train loss: 0.061962 | val loss: 0.072155

Epoch 077 | train loss: 0.060178 | val loss: 7.038387

Epoch 078 | train loss: 0.055723 | val loss: 0.068046

Epoch 079 | train loss: 0.053074 | val loss: 157784731.389113

Epoch 080 | train loss: 0.050856 | val loss: 14727275528.472008

Epoch 081 | train loss: 0.047466 | val loss: 0.059148

Epoch 082 | train loss: 0.046524 | val loss: 6951.896694

Epoch 083 | train loss: 0.042808 | val loss: 0.050328

Epoch 084 | train loss: 0.040460 | val loss: 0.046472

Epoch 085 | train loss: 0.037937 | val loss: 0.041323

Epoch 086 | train loss: 0.036185 | val loss: 0.045605

Epoch 087 | train loss: 0.035452 | val loss: 92486489959.519989

Epoch 088 | train loss: 0.032907 | val loss: 21986189392205540491264.000000

Epoch 089 | train loss: 0.031317 | val loss: 0.036297

Epoch 090 | train loss: 0.029686 | val loss: 0.036210

Epoch 091 | train loss: 0.028504 | val loss: 0.045569

Epoch 092 | train loss: 0.027484 | val loss: 0.052927

Epoch 093 | train loss: 0.026658 | val loss: 0.033557

Epoch 094 | train loss: 0.024647 | val loss: 0.028710

Epoch 095 | train loss: 0.024738 | val loss: 0.040262

Epoch 096 | train loss: 0.023433 | val loss: 35394266931012325867520.000000

Epoch 097 | train loss: 0.022186 | val loss: 30377500584394.238281

Epoch 098 | train loss: 0.213184 | val loss: 0.248736

Epoch 099 | train loss: 0.103992 | val loss: 0.104346

Epoch 100 | train loss: 0.085423 | val loss: 0.114392

Epoch 101 | train loss: 0.079684 | val loss: 0.086927

Epoch 102 | train loss: 0.075583 | val loss: 0.148686

Epoch 103 | train loss: 0.072790 | val loss: 0.096995

Epoch 104 | train loss: 0.070224 | val loss: 0.077915

Epoch 105 | train loss: 0.067126 | val loss: 0.122673

Epoch 106 | train loss: 0.064855 | val loss: 0.087892

Epoch 107 | train loss: 0.062147 | val loss: 0.124879

Epoch 108 | train loss: 0.060447 | val loss: 0.065187

Epoch 109 | train loss: 0.058110 | val loss: 0.087371

Epoch 110 | train loss: 0.056913 | val loss: 0.068597

Epoch 111 | train loss: 0.054625 | val loss: 0.062687

Epoch 112 | train loss: 0.052820 | val loss: 0.058666

Epoch 113 | train loss: 0.050401 | val loss: 0.053386

Epoch 114 | train loss: 0.048523 | val loss: 0.060062

Epoch 115 | train loss: 0.046833 | val loss: 0.071727

Epoch 116 | train loss: 0.045610 | val loss: 0.062848

Epoch 117 | train loss: 0.044181 | val loss: 0.056145

Epoch 118 | train loss: 0.043036 | val loss: 0.066337

Epoch 119 | train loss: 0.042767 | val loss: 0.098357

Epoch 120 | train loss: 0.041357 | val loss: 0.048385

Epoch 121 | train loss: 0.040359 | val loss: 0.044662

Epoch 122 | train loss: 0.039569 | val loss: 0.046198

Epoch 123 | train loss: 0.039137 | val loss: 0.044914

Epoch 124 | train loss: 0.037571 | val loss: 0.043780

Epoch 125 | train loss: 0.036648 | val loss: 0.047213

Epoch 126 | train loss: 0.035111 | val loss: 0.058671

Epoch 127 | train loss: 0.034580 | val loss: 0.042652

Epoch 128 | train loss: 0.033283 | val loss: 0.054161

Epoch 129 | train loss: 0.032617 | val loss: 0.050756

Epoch 130 | train loss: 0.032209 | val loss: 0.094290

Epoch 131 | train loss: 0.030382 | val loss: 0.045316

Epoch 132 | train loss: 0.029527 | val loss: 0.039111

Epoch 133 | train loss: 0.028438 | val loss: 0.051884

Epoch 134 | train loss: 0.027227 | val loss: 0.038644

Epoch 135 | train loss: 0.026713 | val loss: 0.030938

Epoch 136 | train loss: 0.025832 | val loss: 0.033627

Epoch 137 | train loss: 0.024747 | val loss: 0.031809

Epoch 138 | train loss: 0.024192 | val loss: 0.032514

Epoch 139 | train loss: 0.022973 | val loss: 0.052420

Epoch 140 | train loss: 0.022088 | val loss: 0.026368

Epoch 141 | train loss: 0.021605 | val loss: 0.032364

Epoch 142 | train loss: 0.021001 | val loss: 0.027690

Epoch 143 | train loss: 0.020353 | val loss: 0.030090

Epoch 144 | train loss: 0.019931 | val loss: 0.025756

Epoch 145 | train loss: 0.019135 | val loss: 0.022756

Epoch 146 | train loss: 0.017926 | val loss: 0.030156

Epoch 147 | train loss: 0.017509 | val loss: 0.021028

Epoch 148 | train loss: 0.016823 | val loss: 0.026435

Epoch 149 | train loss: 0.015920 | val loss: 0.019570

Epoch 150 | train loss: 0.015332 | val loss: 0.017791

Epoch 151 | train loss: 0.015156 | val loss: 0.026168

Epoch 152 | train loss: 0.014308 | val loss: 0.015321

Epoch 153 | train loss: 0.013274 | val loss: 0.017288

Epoch 154 | train loss: 0.012710 | val loss: 0.020712

Epoch 155 | train loss: 0.012519 | val loss: 0.014833

Epoch 156 | train loss: 0.011698 | val loss: 0.016337

Epoch 157 | train loss: 0.011182 | val loss: 0.011662

Epoch 158 | train loss: 0.010898 | val loss: 0.021137

Epoch 159 | train loss: 0.010299 | val loss: 0.018435

Epoch 160 | train loss: 0.010558 | val loss: 0.012229

Epoch 161 | train loss: 0.009667 | val loss: 0.009690

Epoch 162 | train loss: 0.009316 | val loss: 0.010616

Epoch 163 | train loss: 0.009131 | val loss: 0.010769

Epoch 164 | train loss: 0.008832 | val loss: 0.010734

Epoch 165 | train loss: 0.008553 | val loss: 0.009819

Epoch 166 | train loss: 0.008365 | val loss: 0.009780

Epoch 167 | train loss: 0.008158 | val loss: 0.022956

Epoch 168 | train loss: 0.008012 | val loss: 0.008949

Epoch 169 | train loss: 0.007635 | val loss: 0.008254

Epoch 170 | train loss: 0.007597 | val loss: 0.007850

Epoch 171 | train loss: 0.007286 | val loss: 0.008131

Epoch 172 | train loss: 0.007078 | val loss: 0.009446

Epoch 173 | train loss: 0.006958 | val loss: 0.009569

Epoch 174 | train loss: 0.007031 | val loss: 0.006973

Epoch 175 | train loss: 0.006610 | val loss: 0.007339

Epoch 176 | train loss: 0.006467 | val loss: 0.006596

Epoch 177 | train loss: 0.006148 | val loss: 0.007658

Epoch 178 | train loss: 0.005968 | val loss: 0.007842

Epoch 179 | train loss: 0.006005 | val loss: 0.005971

Epoch 180 | train loss: 0.005716 | val loss: 0.005916

Epoch 181 | train loss: 0.005552 | val loss: 0.009390

Epoch 182 | train loss: 0.005576 | val loss: 0.006105

Epoch 183 | train loss: 0.005442 | val loss: 0.007072

Epoch 184 | train loss: 0.005226 | val loss: 0.006325

Epoch 185 | train loss: 0.005227 | val loss: 0.005490

Epoch 186 | train loss: 0.005058 | val loss: 0.007082

Epoch 187 | train loss: 0.004948 | val loss: 0.006067

Epoch 188 | train loss: 0.004935 | val loss: 0.005770

Epoch 189 | train loss: 0.004765 | val loss: 0.004873

Epoch 190 | train loss: 0.004669 | val loss: 0.005297

Epoch 191 | train loss: 0.004628 | val loss: 0.008590

Epoch 192 | train loss: 0.004720 | val loss: 0.005310

Epoch 193 | train loss: 0.004522 | val loss: 0.005971

Epoch 194 | train loss: 0.004380 | val loss: 0.005003

Epoch 195 | train loss: 0.004413 | val loss: 0.004578

Epoch 196 | train loss: 0.004335 | val loss: 0.006387

Epoch 197 | train loss: 0.004252 | val loss: 0.007156

Epoch 198 | train loss: 0.004219 | val loss: 0.004714

Epoch 199 | train loss: 0.004125 | val loss: 0.005928

Epoch 200 | train loss: 0.004126 | val loss: 0.005149

Epoch 201 | train loss: 0.004033 | val loss: 0.004185

Epoch 202 | train loss: 0.004014 | val loss: 0.004459

Epoch 203 | train loss: 0.003958 | val loss: 0.004982

Epoch 204 | train loss: 0.003896 | val loss: 0.006240

Epoch 205 | train loss: 0.003843 | val loss: 0.004069

Epoch 206 | train loss: 0.003811 | val loss: 0.004822

Epoch 207 | train loss: 0.003844 | val loss: 0.003815

Epoch 208 | train loss: 0.003747 | val loss: 0.004413

Epoch 209 | train loss: 0.003672 | val loss: 0.003632

Epoch 210 | train loss: 0.003659 | val loss: 0.004675

Epoch 211 | train loss: 0.003593 | val loss: 0.003474

Epoch 212 | train loss: 0.003596 | val loss: 0.003726

Epoch 213 | train loss: 0.003563 | val loss: 0.004107

Epoch 214 | train loss: 0.003491 | val loss: 0.003686

Epoch 215 | train loss: 0.003437 | val loss: 0.004523

Epoch 216 | train loss: 0.003446 | val loss: 0.005868

Epoch 217 | train loss: 0.003473 | val loss: 0.003726

Epoch 218 | train loss: 0.003380 | val loss: 0.003617

Epoch 219 | train loss: 0.003381 | val loss: 0.004859

Epoch 220 | train loss: 0.003272 | val loss: 0.004834

Epoch 221 | train loss: 0.003354 | val loss: 0.003998

Epoch 222 | train loss: 0.003229 | val loss: 0.003027

Epoch 223 | train loss: 0.003235 | val loss: 0.003918

Epoch 224 | train loss: 0.003218 | val loss: 0.003001

Epoch 225 | train loss: 0.003210 | val loss: 0.003755

Epoch 226 | train loss: 0.003147 | val loss: 0.003565

Epoch 227 | train loss: 0.003102 | val loss: 0.003554

Epoch 228 | train loss: 0.003083 | val loss: 0.003370

Epoch 229 | train loss: 0.003074 | val loss: 0.002867

Epoch 230 | train loss: 0.003043 | val loss: 0.003421

Epoch 231 | train loss: 0.003009 | val loss: 0.004024

Epoch 232 | train loss: 0.003041 | val loss: 0.003237

Epoch 233 | train loss: 0.002961 | val loss: 0.003777

Epoch 234 | train loss: 0.002943 | val loss: 0.004699

Epoch 235 | train loss: 0.002922 | val loss: 0.003012

Epoch 236 | train loss: 0.002914 | val loss: 0.003146

Epoch 237 | train loss: 0.002898 | val loss: 0.002744

Epoch 238 | train loss: 0.002844 | val loss: 0.002717

Epoch 239 | train loss: 0.002825 | val loss: 0.002764

Epoch 240 | train loss: 0.002797 | val loss: 0.002850

Epoch 241 | train loss: 0.002788 | val loss: 0.003351

Epoch 242 | train loss: 0.002753 | val loss: 0.003647

Epoch 243 | train loss: 0.002768 | val loss: 0.003992

Epoch 244 | train loss: 0.002743 | val loss: 0.002956

Epoch 245 | train loss: 0.002733 | val loss: 0.002549

Epoch 246 | train loss: 0.002707 | val loss: 0.002708

Epoch 247 | train loss: 0.002677 | val loss: 0.003629

Epoch 248 | train loss: 0.002644 | val loss: 0.002719

Epoch 249 | train loss: 0.002629 | val loss: 0.003519

Epoch 250 | train loss: 0.002607 | val loss: 0.003872

Epoch 251 | train loss: 0.002578 | val loss: 0.003987

Epoch 252 | train loss: 0.002602 | val loss: 0.003383

Epoch 253 | train loss: 0.002585 | val loss: 0.002650

Epoch 254 | train loss: 0.002606 | val loss: 0.002353

Epoch 255 | train loss: 0.002529 | val loss: 0.002701

Epoch 256 | train loss: 0.002524 | val loss: 0.002850

Epoch 257 | train loss: 0.002553 | val loss: 0.004176

Epoch 258 | train loss: 0.002512 | val loss: 0.002675

Epoch 259 | train loss: 0.002464 | val loss: 0.002390

Epoch 260 | train loss: 0.002462 | val loss: 0.003462

Epoch 261 | train loss: 0.002464 | val loss: 0.002456

Epoch 262 | train loss: 0.002429 | val loss: 0.003383

Epoch 263 | train loss: 0.002403 | val loss: 0.002318

Epoch 264 | train loss: 0.002413 | val loss: 0.003855

Epoch 265 | train loss: 0.002411 | val loss: 0.002666

Epoch 266 | train loss: 0.002399 | val loss: 0.002365

Epoch 267 | train loss: 0.002384 | val loss: 0.002710

Epoch 268 | train loss: 0.002367 | val loss: 0.002856

Epoch 269 | train loss: 0.002380 | val loss: 0.002734

Epoch 270 | train loss: 0.002323 | val loss: 0.003520

Epoch 271 | train loss: 0.002324 | val loss: 0.002615

Epoch 272 | train loss: 0.002307 | val loss: 0.003179

Epoch 273 | train loss: 0.002359 | val loss: 0.003145

Epoch 274 | train loss: 0.002327 | val loss: 0.002218

Epoch 275 | train loss: 0.002275 | val loss: 0.003000

Epoch 276 | train loss: 0.002286 | val loss: 0.003129

Epoch 277 | train loss: 0.002252 | val loss: 0.003600

Epoch 278 | train loss: 0.002251 | val loss: 0.002397

Epoch 279 | train loss: 0.002254 | val loss: 0.003120

Epoch 280 | train loss: 0.002218 | val loss: 0.002772

Epoch 281 | train loss: 0.002227 | val loss: 0.002895

Epoch 282 | train loss: 0.002214 | val loss: 0.003655

Epoch 283 | train loss: 0.002200 | val loss: 0.002696

Epoch 284 | train loss: 0.002210 | val loss: 0.003377

Epoch 285 | train loss: 0.002192 | val loss: 0.002328

Epoch 286 | train loss: 0.002215 | val loss: 0.002297

Epoch 287 | train loss: 0.002160 | val loss: 0.002439

Epoch 288 | train loss: 0.002170 | val loss: 0.002302

Epoch 289 | train loss: 0.002178 | val loss: 0.002934

Epoch 290 | train loss: 0.002138 | val loss: 0.002112

Epoch 291 | train loss: 0.002135 | val loss: 0.002368

Epoch 292 | train loss: 0.002110 | val loss: 0.002008

Epoch 293 | train loss: 0.002124 | val loss: 0.002114

Epoch 294 | train loss: 0.002104 | val loss: 0.002515

Epoch 295 | train loss: 0.002124 | val loss: 0.002118

Epoch 296 | train loss: 0.002116 | val loss: 0.002289

Epoch 297 | train loss: 0.002102 | val loss: 0.002355

Epoch 298 | train loss: 0.002086 | val loss: 0.002223

Epoch 299 | train loss: 0.002089 | val loss: 0.002967

Epoch 300 | train loss: 0.002046 | val loss: 0.002627
Test loss: 0.001925
Completed baseline training for model: unet
[Tue May  5 10:30:52 PM CEST 2026] Job finished
