[Mon May  4 05:45:45 PM CEST 2026] Job started on ly-w203
SLURM_JOB_ID=842983
PROJECT_DIR=/globalsc/users/b/a/baffetti/research/TransfomerROM
ENTRYPOINT=CAEst_main.py
Activating environment: /globalsc/ulb/atm/baffetti/envs/artfire_new/bin/activate
/globalsc/users/b/a/baffetti/envs/artfire_new/bin/python
/globalsc/users/b/a/baffetti/envs/artfire_new/bin/pip
Python 3.11.3
Mon May  4 17:45:45 2026       
+-----------------------------------------------------------------------------------------+
| NVIDIA-SMI 570.124.06             Driver Version: 570.124.06     CUDA Version: 12.8     |
|-----------------------------------------+------------------------+----------------------+
| GPU  Name                 Persistence-M | Bus-Id          Disp.A | Volatile Uncorr. ECC |
| Fan  Temp   Perf          Pwr:Usage/Cap |           Memory-Usage | GPU-Util  Compute M. |
|                                         |                        |               MIG M. |
|=========================================+========================+======================|
|   0  NVIDIA RTX 6000 Ada Gene...    On  |   00000000:01:00.0 Off |                  Off |
| 30%   36C    P8             22W /  300W |       2MiB /  49140MiB |      0%      Default |
|                                         |                        |                  N/A |
+-----------------------------------------+------------------------+----------------------+
                                                                                         
+-----------------------------------------------------------------------------------------+
| Processes:                                                                              |
|  GPU   GI   CI              PID   Type   Process name                        GPU Memory |
|        ID   ID                                                               Usage      |
|=========================================================================================|
|  No running processes found                                                             |
+-----------------------------------------------------------------------------------------+
Python usato:
/globalsc/users/b/a/baffetti/envs/artfire_new/bin/python
/globalsc/users/b/a/baffetti/envs/artfire_new/bin/python
Torch test:
2.5.0+cu124

     █████╗ ██████╗ ████████╗███████╗██╗██████╗ ███████╗
    ██╔══██╗██╔══██╗╚══██╔══╝██╔════╝██║██╔══██╗██╔════╝
    ███████║██████╔╝   ██║   █████╗  ██║██████╔╝█████╗
    ██╔══██║██╔══██╗   ██║   ██╔══╝  ██║██╔══██╗██╔══╝
    ██║  ██║██║  ██║   ██║   ██║     ██║██║  ██║███████╗
    ╚═╝  ╚═╝╚═╝  ╚═╝   ╚═╝   ╚═╝     ╚═╝╚═╝  ╚═╝╚══════╝

     ████████╗██████╗  █████╗ ███╗   ██╗███████╗███████╗ ██████╗ ██████╗ ███╗   ███╗███████╗██████╗
     ╚══██╔══╝██╔══██╗██╔══██╗████╗  ██║██╔════╝██╔════╝██╔═══██╗██╔══██╗████╗ ████║██╔════╝██╔══██╗
        ██║   ██████╔╝███████║██╔██╗ ██║███████╗█████╗  ██║   ██║██████╔╝██╔████╔██║█████╗  ██████╔╝
        ██║   ██╔══██╗██╔══██║██║╚██╗██║╚════██║██╔══╝  ██║   ██║██╔══██╗██║╚██╔╝██║██╔══╝  ██╔══██╗
        ██║   ██║  ██║██║  ██║██║ ╚████║███████║██║     ╚██████╔╝██║  ██║██║ ╚═╝ ██║███████╗██║  ██║
        ╚═╝   ╚═╝  ╚═╝╚═╝  ╚═╝╚═╝  ╚═══╝╚══════╝╚═╝      ╚═════╝ ╚═╝  ╚═╝╚═╝     ╚═╝╚══════╝╚═╝  ╚═╝

                                   A R T F I R E   T R A N S F O R M E R
    
cuda available

Loading config...


Loading CAE data...


Initializing CAE model...


Setting up optimizer and scheduler...


Setting up the CAE Trainer...


learning for 4 epochs


 Epoch 001 | train loss: 1.929429 | val loss: 1.567204

 Epoch 002 | train loss: 0.939086 | val loss: 0.465191

 Epoch 003 | train loss: 0.216642 | val loss: 0.102517

 Epoch 004 | train loss: 0.073195 | val loss: 0.064666

Evaluating CAE model...

Test loss: 0.064400

Setting up Transformer forecaster data...


Initializing the Transformer model...


Setting up optimizer and scheduler...


Setting up the Transformer Trainer...


learning for 4 epochs


Epoch 001 | train loss: 33.324596 | val loss: 26.360350

Epoch 002 | train loss: 17.587770 | val loss: 11.617983

Epoch 003 | train loss: 8.136561 | val loss: 6.047148

Epoch 004 | train loss: 4.854998 | val loss: 4.008378

Evaluating Transformer model...

Test loss: 3.952018

 Training the overall architecture...


 1) Setting up the data loaders...


2) Initializing the ArtFire model...


3) Setting up optimizer and scheduler...


4) Setting up the ArtFire Trainer...


learning for 4 epochs


Epoch 001 | train loss: 0.861902 | val loss: 0.852962

Epoch 002 | train loss: 0.824243 | val loss: 0.803728

Epoch 003 | train loss: 0.764997 | val loss: 0.739226

Epoch 004 | train loss: 0.694512 | val loss: 0.666379

5) Evaluating ArtFire model...

Test loss: 0.666158
[Mon May  4 06:00:06 PM CEST 2026] Job finished
