[Tue May  5 05:32:55 PM CEST 2026] Job started on ly-w104
SLURM_JOB_ID=851736
PROJECT_DIR=/globalsc/users/b/a/baffetti/research/TransfomerROM
ENTRYPOINT=CAEst_main.py
Activating environment: /globalsc/ulb/atm/baffetti/envs/artfire_new/bin/activate
/globalsc/users/b/a/baffetti/envs/artfire_new/bin/python
/globalsc/users/b/a/baffetti/envs/artfire_new/bin/pip
Python 3.11.3
Tue May  5 17:32:55 2026       
+-----------------------------------------------------------------------------------------+
| NVIDIA-SMI 570.124.06             Driver Version: 570.124.06     CUDA Version: 12.8     |
|-----------------------------------------+------------------------+----------------------+
| GPU  Name                 Persistence-M | Bus-Id          Disp.A | Volatile Uncorr. ECC |
| Fan  Temp   Perf          Pwr:Usage/Cap |           Memory-Usage | GPU-Util  Compute M. |
|                                         |                        |               MIG M. |
|=========================================+========================+======================|
|   0  NVIDIA RTX 6000 Ada Gene...    On  |   00000000:01:00.0 Off |                  Off |
| 30%   42C    P8             24W /  300W |       2MiB /  49140MiB |      0%      Default |
|                                         |                        |                  N/A |
+-----------------------------------------+------------------------+----------------------+
                                                                                         
+-----------------------------------------------------------------------------------------+
| Processes:                                                                              |
|  GPU   GI   CI              PID   Type   Process name                        GPU Memory |
|        ID   ID                                                               Usage      |
|=========================================================================================|
|  No running processes found                                                             |
+-----------------------------------------------------------------------------------------+
Python usato:
/globalsc/users/b/a/baffetti/envs/artfire_new/bin/python
/globalsc/users/b/a/baffetti/envs/artfire_new/bin/python
Torch test:
2.5.0+cu124

     █████╗ ██████╗ ████████╗███████╗██╗██████╗ ███████╗
    ██╔══██╗██╔══██╗╚══██╔══╝██╔════╝██║██╔══██╗██╔════╝
    ███████║██████╔╝   ██║   █████╗  ██║██████╔╝█████╗
    ██╔══██║██╔══██╗   ██║   ██╔══╝  ██║██╔══██╗██╔══╝
    ██║  ██║██║  ██║   ██║   ██║     ██║██║  ██║███████╗
    ╚═╝  ╚═╝╚═╝  ╚═╝   ╚═╝   ╚═╝     ╚═╝╚═╝  ╚═╝╚══════╝

     ████████╗██████╗  █████╗ ███╗   ██╗███████╗███████╗ ██████╗ ██████╗ ███╗   ███╗███████╗██████╗
     ╚══██╔══╝██╔══██╗██╔══██╗████╗  ██║██╔════╝██╔════╝██╔═══██╗██╔══██╗████╗ ████║██╔════╝██╔══██╗
        ██║   ██████╔╝███████║██╔██╗ ██║███████╗█████╗  ██║   ██║██████╔╝██╔████╔██║█████╗  ██████╔╝
        ██║   ██╔══██╗██╔══██║██║╚██╗██║╚════██║██╔══╝  ██║   ██║██╔══██╗██║╚██╔╝██║██╔══╝  ██╔══██╗
        ██║   ██║  ██║██║  ██║██║ ╚████║███████║██║     ╚██████╔╝██║  ██║██║ ╚═╝ ██║███████╗██║  ██║
        ╚═╝   ╚═╝  ╚═╝╚═╝  ╚═╝╚═╝  ╚═══╝╚══════╝╚═╝      ╚═════╝ ╚═╝  ╚═╝╚═╝     ╚═╝╚══════╝╚═╝  ╚═╝

                                   A R T F I R E   T R A N S F O R M E R
    
cuda available

Loading config...


Loading CAE data...


Initializing CAE model...

