[Wed Apr 22 09:35:55 PM CEST 2026] Job started on ly-w113
SLURM_JOB_ID=795630
PROJECT_DIR=/globalsc/users/b/a/baffetti/research/TransfomerROM
ENTRYPOINT=CAEst_main.py
Activating environment: /globalsc/ulb/atm/baffetti/envs/artfire_new/bin/activate
/globalsc/users/b/a/baffetti/envs/artfire_new/bin/python
/globalsc/users/b/a/baffetti/envs/artfire_new/bin/pip
Python 3.11.3
Wed Apr 22 21:35:55 2026       
+-----------------------------------------------------------------------------------------+
| NVIDIA-SMI 570.124.06             Driver Version: 570.124.06     CUDA Version: 12.8     |
|-----------------------------------------+------------------------+----------------------+
| GPU  Name                 Persistence-M | Bus-Id          Disp.A | Volatile Uncorr. ECC |
| Fan  Temp   Perf          Pwr:Usage/Cap |           Memory-Usage | GPU-Util  Compute M. |
|                                         |                        |               MIG M. |
|=========================================+========================+======================|
|   0  NVIDIA RTX 6000 Ada Gene...    On  |   00000000:01:00.0 Off |                  Off |
| 30%   53C    P5             61W /  300W |       2MiB /  49140MiB |      0%      Default |
|                                         |                        |                  N/A |
+-----------------------------------------+------------------------+----------------------+
                                                                                         
+-----------------------------------------------------------------------------------------+
| Processes:                                                                              |
|  GPU   GI   CI              PID   Type   Process name                        GPU Memory |
|        ID   ID                                                               Usage      |
|=========================================================================================|
|  No running processes found                                                             |
+-----------------------------------------------------------------------------------------+
Python usato:
/globalsc/users/b/a/baffetti/envs/artfire_new/bin/python
/globalsc/users/b/a/baffetti/envs/artfire_new/bin/python
Torch test:
2.5.0+cu124

     █████╗ ██████╗ ████████╗███████╗██╗██████╗ ███████╗
    ██╔══██╗██╔══██╗╚══██╔══╝██╔════╝██║██╔══██╗██╔════╝
    ███████║██████╔╝   ██║   █████╗  ██║██████╔╝█████╗
    ██╔══██║██╔══██╗   ██║   ██╔══╝  ██║██╔══██╗██╔══╝
    ██║  ██║██║  ██║   ██║   ██║     ██║██║  ██║███████╗
    ╚═╝  ╚═╝╚═╝  ╚═╝   ╚═╝   ╚═╝     ╚═╝╚═╝  ╚═╝╚══════╝

     ████████╗██████╗  █████╗ ███╗   ██╗███████╗███████╗ ██████╗ ██████╗ ███╗   ███╗███████╗██████╗
     ╚══██╔══╝██╔══██╗██╔══██╗████╗  ██║██╔════╝██╔════╝██╔═══██╗██╔══██╗████╗ ████║██╔════╝██╔══██╗
        ██║   ██████╔╝███████║██╔██╗ ██║███████╗█████╗  ██║   ██║██████╔╝██╔████╔██║█████╗  ██████╔╝
        ██║   ██╔══██╗██╔══██║██║╚██╗██║╚════██║██╔══╝  ██║   ██║██╔══██╗██║╚██╔╝██║██╔══╝  ██╔══██╗
        ██║   ██║  ██║██║  ██║██║ ╚████║███████║██║     ╚██████╔╝██║  ██║██║ ╚═╝ ██║███████╗██║  ██║
        ╚═╝   ╚═╝  ╚═╝╚═╝  ╚═╝╚═╝  ╚═══╝╚══════╝╚═╝      ╚═════╝ ╚═╝  ╚═╝╚═╝     ╚═╝╚══════╝╚═╝  ╚═╝

                                   A R T F I R E   T R A N S F O R M E R
    
cuda available

Loading config...


Loading CAE data...


Initializing CAE model...


Setting up optimizer and scheduler...


Setting up the CAE Trainer...


learning for 60 epochs


 Epoch 001 | train loss: 1.929429 | val loss: 1.567204

 Epoch 002 | train loss: 0.939086 | val loss: 0.465191

 Epoch 003 | train loss: 0.216642 | val loss: 0.102517

 Epoch 004 | train loss: 0.073195 | val loss: 0.064666

 Epoch 005 | train loss: 0.053399 | val loss: 0.050884

 Epoch 006 | train loss: 0.048558 | val loss: 0.047180

 Epoch 007 | train loss: 0.046516 | val loss: 0.046052

 Epoch 008 | train loss: 0.045017 | val loss: 0.046639

 Epoch 009 | train loss: 0.043586 | val loss: 0.042533

 Epoch 010 | train loss: 0.043387 | val loss: 0.041514

 Epoch 011 | train loss: 0.042411 | val loss: 0.044761

 Epoch 012 | train loss: 0.041797 | val loss: 0.042132

 Epoch 013 | train loss: 0.041359 | val loss: 0.041828

 Epoch 014 | train loss: 0.042095 | val loss: 0.040546

 Epoch 015 | train loss: 0.041269 | val loss: 0.041509

 Epoch 016 | train loss: 0.040814 | val loss: 0.041030

 Epoch 017 | train loss: 0.041579 | val loss: 0.041384

 Epoch 018 | train loss: 0.040585 | val loss: 0.040861

 Epoch 019 | train loss: 0.041166 | val loss: 0.040947

 Epoch 020 | train loss: 0.039925 | val loss: 0.041296

 Epoch 021 | train loss: 0.040147 | val loss: 0.039965

 Epoch 022 | train loss: 0.039913 | val loss: 0.038936

 Epoch 023 | train loss: 0.039333 | val loss: 0.039101

 Epoch 024 | train loss: 0.039570 | val loss: 0.040329

 Epoch 025 | train loss: 0.040045 | val loss: 0.040263

 Epoch 026 | train loss: 0.039838 | val loss: 0.038779

 Epoch 027 | train loss: 0.039287 | val loss: 0.039277

 Epoch 028 | train loss: 0.039503 | val loss: 0.039193

 Epoch 029 | train loss: 0.039565 | val loss: 0.039299

 Epoch 030 | train loss: 0.039700 | val loss: 0.040120

 Epoch 031 | train loss: 0.039302 | val loss: 0.038625

 Epoch 032 | train loss: 0.039001 | val loss: 0.038519

 Epoch 033 | train loss: 0.039025 | val loss: 0.038736

 Epoch 034 | train loss: 0.038941 | val loss: 0.038990

 Epoch 035 | train loss: 0.038632 | val loss: 0.038284

 Epoch 036 | train loss: 0.038871 | val loss: 0.038305

 Epoch 037 | train loss: 0.038724 | val loss: 0.038432

 Epoch 038 | train loss: 0.039026 | val loss: 0.038621

 Epoch 039 | train loss: 0.038712 | val loss: 0.038510

 Epoch 040 | train loss: 0.038827 | val loss: 0.038147

 Epoch 041 | train loss: 0.038747 | val loss: 0.038146

 Epoch 042 | train loss: 0.038721 | val loss: 0.038031

 Epoch 043 | train loss: 0.038598 | val loss: 0.038200

 Epoch 044 | train loss: 0.038488 | val loss: 0.038050

 Epoch 045 | train loss: 0.038690 | val loss: 0.038156

 Epoch 046 | train loss: 0.038510 | val loss: 0.038774

 Epoch 047 | train loss: 0.038699 | val loss: 0.038476

 Epoch 048 | train loss: 0.038477 | val loss: 0.038010

 Epoch 049 | train loss: 0.038535 | val loss: 0.037868

 Epoch 050 | train loss: 0.038412 | val loss: 0.038079

 Epoch 051 | train loss: 0.038328 | val loss: 0.038005

 Epoch 052 | train loss: 0.038287 | val loss: 0.037906

 Epoch 053 | train loss: 0.038377 | val loss: 0.037963

 Epoch 054 | train loss: 0.038303 | val loss: 0.038416

 Epoch 055 | train loss: 0.038366 | val loss: 0.037706

 Epoch 056 | train loss: 0.038287 | val loss: 0.038617

 Epoch 057 | train loss: 0.038509 | val loss: 0.038156

 Epoch 058 | train loss: 0.038382 | val loss: 0.037736

 Epoch 059 | train loss: 0.038213 | val loss: 0.038030

 Epoch 060 | train loss: 0.038046 | val loss: 0.037895

Evaluating CAE model...

Test loss: 0.037577

Setting up Transformer forecaster data...


Initializing the Transformer model...


Setting up optimizer and scheduler...


Setting up the Transformer Trainer...


learning for 60 epochs


Epoch 001 | train loss: 33.220888 | val loss: 26.475171

Epoch 002 | train loss: 17.802465 | val loss: 12.008594

Epoch 003 | train loss: 8.402538 | val loss: 6.268662

Epoch 004 | train loss: 5.025278 | val loss: 4.198946

Epoch 005 | train loss: 3.380924 | val loss: 2.784502

Epoch 006 | train loss: 2.329010 | val loss: 2.067292

Epoch 007 | train loss: 1.793647 | val loss: 1.605708

Epoch 008 | train loss: 1.424885 | val loss: 1.327060

Epoch 009 | train loss: 1.185458 | val loss: 1.108232

Epoch 010 | train loss: 1.006745 | val loss: 0.962393

Epoch 011 | train loss: 0.873632 | val loss: 0.840074

Epoch 012 | train loss: 0.772594 | val loss: 0.749909

Epoch 013 | train loss: 0.690983 | val loss: 0.676633

Epoch 014 | train loss: 0.626036 | val loss: 0.616482

Epoch 015 | train loss: 0.571588 | val loss: 0.566413

Epoch 016 | train loss: 0.524406 | val loss: 0.521161

Epoch 017 | train loss: 0.484170 | val loss: 0.484072

Epoch 018 | train loss: 0.450731 | val loss: 0.453890

Epoch 019 | train loss: 0.422503 | val loss: 0.427344

Epoch 020 | train loss: 0.398259 | val loss: 0.405142

Epoch 021 | train loss: 0.377305 | val loss: 0.385196

Epoch 022 | train loss: 0.358984 | val loss: 0.367733

Epoch 023 | train loss: 0.342835 | val loss: 0.352669

Epoch 024 | train loss: 0.328465 | val loss: 0.338774

Epoch 025 | train loss: 0.315570 | val loss: 0.326648

Epoch 026 | train loss: 0.303733 | val loss: 0.314144

Epoch 027 | train loss: 0.297853 | val loss: 0.322475

Epoch 028 | train loss: 0.301853 | val loss: 0.302103

Epoch 029 | train loss: 0.274290 | val loss: 0.277211

Epoch 030 | train loss: 0.330075 | val loss: 0.357229

Epoch 031 | train loss: 0.326373 | val loss: 0.325082

Epoch 032 | train loss: 0.298359 | val loss: 0.302594

Epoch 033 | train loss: 0.278398 | val loss: 0.286684

Epoch 034 | train loss: 0.264155 | val loss: 0.273996

Epoch 035 | train loss: 0.252929 | val loss: 0.264132

Epoch 036 | train loss: 0.243867 | val loss: 0.255734

Epoch 037 | train loss: 0.236369 | val loss: 0.248712

Epoch 038 | train loss: 0.230043 | val loss: 0.242888

Epoch 039 | train loss: 0.224591 | val loss: 0.237599

Epoch 040 | train loss: 0.219764 | val loss: 0.233030

Epoch 041 | train loss: 0.215464 | val loss: 0.228793

Epoch 042 | train loss: 0.211613 | val loss: 0.225040

Epoch 043 | train loss: 0.208202 | val loss: 0.221790

Epoch 044 | train loss: 0.205182 | val loss: 0.218752

Epoch 045 | train loss: 0.202349 | val loss: 0.215904

Epoch 046 | train loss: 0.403845 | val loss: 0.515148

Epoch 047 | train loss: 0.284319 | val loss: 0.251719

Epoch 048 | train loss: 0.226928 | val loss: 0.240859

Epoch 049 | train loss: 2.883092 | val loss: 3.362559

Epoch 050 | train loss: 1.596246 | val loss: 0.856107

Epoch 051 | train loss: 0.637720 | val loss: 0.546891

Epoch 052 | train loss: 0.476512 | val loss: 0.440544

Epoch 053 | train loss: 0.384034 | val loss: 0.383769

Epoch 054 | train loss: 0.339903 | val loss: 0.346650

Epoch 055 | train loss: 0.310883 | val loss: 0.321602

Epoch 056 | train loss: 0.290278 | val loss: 0.302378

Epoch 057 | train loss: 0.274684 | val loss: 0.287567

Epoch 058 | train loss: 0.262535 | val loss: 0.276125

Epoch 059 | train loss: 0.252709 | val loss: 0.266406

Epoch 060 | train loss: 0.244521 | val loss: 0.258500

Evaluating Transformer model...

Test loss: 0.210237

 Training the overall architecture...


 1) Setting up the data loaders...


2) Initializing the ArtFire model...


3) Setting up optimizer and scheduler...


4) Setting up the ArtFire Trainer...


learning for 300 epochs


Epoch 001 | train loss: 0.093632 | val loss: 0.092515

Epoch 002 | train loss: 0.092709 | val loss: 0.091345

Epoch 003 | train loss: 0.091328 | val loss: 0.089856

Epoch 004 | train loss: 0.089758 | val loss: 0.088241

Epoch 005 | train loss: 0.088190 | val loss: 0.086727

Epoch 006 | train loss: 0.086717 | val loss: 0.085280

Epoch 007 | train loss: 0.085377 | val loss: 0.083960

Epoch 008 | train loss: 0.084170 | val loss: 0.082797

Epoch 009 | train loss: 0.083070 | val loss: 0.081689

Epoch 010 | train loss: 0.082060 | val loss: 0.080697

Epoch 011 | train loss: 0.081121 | val loss: 0.079730

Epoch 012 | train loss: 0.080237 | val loss: 0.078815

Epoch 013 | train loss: 0.079395 | val loss: 0.077970

Epoch 014 | train loss: 0.078588 | val loss: 0.077125

Epoch 015 | train loss: 0.077808 | val loss: 0.076336

Epoch 016 | train loss: 0.077050 | val loss: 0.075537

Epoch 017 | train loss: 0.076332 | val loss: 0.074805

Epoch 018 | train loss: 0.075668 | val loss: 0.074153

Epoch 019 | train loss: 0.075050 | val loss: 0.073515

Epoch 020 | train loss: 0.074470 | val loss: 0.072939

Epoch 021 | train loss: 0.073921 | val loss: 0.072369

Epoch 022 | train loss: 0.073400 | val loss: 0.071826

Epoch 023 | train loss: 0.072902 | val loss: 0.071329

Epoch 024 | train loss: 0.072426 | val loss: 0.070833

Epoch 025 | train loss: 0.071968 | val loss: 0.070374

Epoch 026 | train loss: 0.071530 | val loss: 0.069914

Epoch 027 | train loss: 0.071105 | val loss: 0.069468

Epoch 028 | train loss: 0.070691 | val loss: 0.069076

Epoch 029 | train loss: 0.070880 | val loss: 0.069863

Epoch 030 | train loss: 0.070771 | val loss: 0.068981

Epoch 031 | train loss: 0.070334 | val loss: 0.068954

Epoch 032 | train loss: 0.070303 | val loss: 0.068921

Epoch 033 | train loss: 0.070271 | val loss: 0.068889

Epoch 034 | train loss: 0.070239 | val loss: 0.068857

Epoch 035 | train loss: 0.070209 | val loss: 0.068827

Epoch 036 | train loss: 0.070176 | val loss: 0.068795

Epoch 037 | train loss: 0.070146 | val loss: 0.068764

Epoch 038 | train loss: 0.070116 | val loss: 0.068734

Epoch 039 | train loss: 0.070088 | val loss: 0.068704

Epoch 040 | train loss: 0.070058 | val loss: 0.068674

Epoch 041 | train loss: 0.070029 | val loss: 0.068642

Epoch 042 | train loss: 0.069998 | val loss: 0.068612

Epoch 043 | train loss: 0.069967 | val loss: 0.068582

Epoch 044 | train loss: 0.069937 | val loss: 0.068551

Epoch 045 | train loss: 0.069909 | val loss: 0.068521

Epoch 046 | train loss: 0.069879 | val loss: 0.068490

Epoch 047 | train loss: 0.069849 | val loss: 0.068459

Epoch 048 | train loss: 0.069820 | val loss: 0.068429

Epoch 049 | train loss: 0.069789 | val loss: 0.068398

Epoch 050 | train loss: 0.069761 | val loss: 0.068368

Epoch 051 | train loss: 0.069731 | val loss: 0.068337

Epoch 052 | train loss: 0.069701 | val loss: 0.068305

Epoch 053 | train loss: 0.069671 | val loss: 0.068275

Epoch 054 | train loss: 0.069640 | val loss: 0.068244

Epoch 055 | train loss: 0.069612 | val loss: 0.068214

Epoch 056 | train loss: 0.069580 | val loss: 0.068182

Epoch 057 | train loss: 0.069550 | val loss: 0.068150

Epoch 058 | train loss: 0.069520 | val loss: 0.068120

Epoch 059 | train loss: 0.069490 | val loss: 0.068088

Epoch 060 | train loss: 0.069460 | val loss: 0.068057

Epoch 061 | train loss: 0.069430 | val loss: 0.068025

Epoch 062 | train loss: 0.069398 | val loss: 0.067993

Epoch 063 | train loss: 0.069369 | val loss: 0.067962

Epoch 064 | train loss: 0.069338 | val loss: 0.067930

Epoch 065 | train loss: 0.069308 | val loss: 0.067899

Epoch 066 | train loss: 0.069275 | val loss: 0.067867

Epoch 067 | train loss: 0.069246 | val loss: 0.067835

Epoch 068 | train loss: 0.069214 | val loss: 0.067804

Epoch 069 | train loss: 0.069184 | val loss: 0.067772

Epoch 070 | train loss: 0.069154 | val loss: 0.067740

Epoch 071 | train loss: 0.069122 | val loss: 0.067708

Epoch 072 | train loss: 0.069092 | val loss: 0.067675

Epoch 073 | train loss: 0.069061 | val loss: 0.067644

Epoch 074 | train loss: 0.069030 | val loss: 0.067611

Epoch 075 | train loss: 0.068998 | val loss: 0.067580

Epoch 076 | train loss: 0.068967 | val loss: 0.067547

Epoch 077 | train loss: 0.068936 | val loss: 0.067514

Epoch 078 | train loss: 0.068905 | val loss: 0.067482

Epoch 079 | train loss: 0.068873 | val loss: 0.067450

Epoch 080 | train loss: 0.068842 | val loss: 0.067418

Epoch 081 | train loss: 0.068808 | val loss: 0.067384

Epoch 082 | train loss: 0.068778 | val loss: 0.067351

Epoch 083 | train loss: 0.068748 | val loss: 0.067320

Epoch 084 | train loss: 0.068717 | val loss: 0.067287

Epoch 085 | train loss: 0.068685 | val loss: 0.067255

Epoch 086 | train loss: 0.068653 | val loss: 0.067222

Epoch 087 | train loss: 0.068620 | val loss: 0.067188

Epoch 088 | train loss: 0.068589 | val loss: 0.067156

Epoch 089 | train loss: 0.068557 | val loss: 0.067123

Epoch 090 | train loss: 0.068526 | val loss: 0.067091

Epoch 091 | train loss: 0.068494 | val loss: 0.067058

Epoch 092 | train loss: 0.068462 | val loss: 0.067024

Epoch 093 | train loss: 0.068431 | val loss: 0.066992

Epoch 094 | train loss: 0.068399 | val loss: 0.066958

Epoch 095 | train loss: 0.068366 | val loss: 0.066926

Epoch 096 | train loss: 0.068335 | val loss: 0.066893

Epoch 097 | train loss: 0.068302 | val loss: 0.066859

Epoch 098 | train loss: 0.068269 | val loss: 0.066827

Epoch 099 | train loss: 0.068238 | val loss: 0.066793

Epoch 100 | train loss: 0.068206 | val loss: 0.066761

Epoch 101 | train loss: 0.068174 | val loss: 0.066727

Epoch 102 | train loss: 0.068142 | val loss: 0.066694

Epoch 103 | train loss: 0.068109 | val loss: 0.066661

Epoch 104 | train loss: 0.068078 | val loss: 0.066628

Epoch 105 | train loss: 0.068046 | val loss: 0.066595

Epoch 106 | train loss: 0.068014 | val loss: 0.066562

Epoch 107 | train loss: 0.067982 | val loss: 0.066528

Epoch 108 | train loss: 0.067950 | val loss: 0.066496

Epoch 109 | train loss: 0.067919 | val loss: 0.066462

Epoch 110 | train loss: 0.067886 | val loss: 0.066429

Epoch 111 | train loss: 0.067854 | val loss: 0.066396

Epoch 112 | train loss: 0.067822 | val loss: 0.066362

Epoch 113 | train loss: 0.067789 | val loss: 0.066330

Epoch 114 | train loss: 0.067758 | val loss: 0.066296

Epoch 115 | train loss: 0.067725 | val loss: 0.066264

Epoch 116 | train loss: 0.067693 | val loss: 0.066231

Epoch 117 | train loss: 0.067659 | val loss: 0.066197

Epoch 118 | train loss: 0.067628 | val loss: 0.066165

Epoch 119 | train loss: 0.067596 | val loss: 0.066131

Epoch 120 | train loss: 0.067565 | val loss: 0.066099

Epoch 121 | train loss: 0.067533 | val loss: 0.066066

Epoch 122 | train loss: 0.067502 | val loss: 0.066032

Epoch 123 | train loss: 0.067468 | val loss: 0.066000

Epoch 124 | train loss: 0.067438 | val loss: 0.065967

Epoch 125 | train loss: 0.067404 | val loss: 0.065935

Epoch 126 | train loss: 0.067372 | val loss: 0.065901

Epoch 127 | train loss: 0.067340 | val loss: 0.065868

Epoch 128 | train loss: 0.067308 | val loss: 0.065836

Epoch 129 | train loss: 0.067277 | val loss: 0.065803

Epoch 130 | train loss: 0.067245 | val loss: 0.065771

Epoch 131 | train loss: 0.067214 | val loss: 0.065738

Epoch 132 | train loss: 0.067182 | val loss: 0.065705

Epoch 133 | train loss: 0.067151 | val loss: 0.065673

Epoch 134 | train loss: 0.067120 | val loss: 0.065640

Epoch 135 | train loss: 0.067087 | val loss: 0.065608

Epoch 136 | train loss: 0.067055 | val loss: 0.065575

Epoch 137 | train loss: 0.067025 | val loss: 0.065543

Epoch 138 | train loss: 0.066992 | val loss: 0.065511

Epoch 139 | train loss: 0.066961 | val loss: 0.065479

Epoch 140 | train loss: 0.066930 | val loss: 0.065447

Epoch 141 | train loss: 0.066899 | val loss: 0.065415

Epoch 142 | train loss: 0.066868 | val loss: 0.065382

Epoch 143 | train loss: 0.066836 | val loss: 0.065351

Epoch 144 | train loss: 0.066806 | val loss: 0.065318

Epoch 145 | train loss: 0.066774 | val loss: 0.065287

Epoch 146 | train loss: 0.066743 | val loss: 0.065255

Epoch 147 | train loss: 0.066712 | val loss: 0.065223

Epoch 148 | train loss: 0.066681 | val loss: 0.065192

Epoch 149 | train loss: 0.066650 | val loss: 0.065160

Epoch 150 | train loss: 0.066620 | val loss: 0.065129

Epoch 151 | train loss: 0.066589 | val loss: 0.065097

Epoch 152 | train loss: 0.066559 | val loss: 0.065065

Epoch 153 | train loss: 0.066528 | val loss: 0.065035

Epoch 154 | train loss: 0.066499 | val loss: 0.065003

Epoch 155 | train loss: 0.066467 | val loss: 0.064973

Epoch 156 | train loss: 0.066437 | val loss: 0.064941

Epoch 157 | train loss: 0.066406 | val loss: 0.064910

Epoch 158 | train loss: 0.066375 | val loss: 0.064880

Epoch 159 | train loss: 0.066347 | val loss: 0.064849

Epoch 160 | train loss: 0.066316 | val loss: 0.064819

Epoch 161 | train loss: 0.066287 | val loss: 0.064788

Epoch 162 | train loss: 0.066256 | val loss: 0.064757

Epoch 163 | train loss: 0.066229 | val loss: 0.064728

Epoch 164 | train loss: 0.066196 | val loss: 0.064697

Epoch 165 | train loss: 0.066169 | val loss: 0.064668

Epoch 166 | train loss: 0.066139 | val loss: 0.064637

Epoch 167 | train loss: 0.066110 | val loss: 0.064607

Epoch 168 | train loss: 0.066081 | val loss: 0.064577

Epoch 169 | train loss: 0.066052 | val loss: 0.064547

Epoch 170 | train loss: 0.066022 | val loss: 0.064519

Epoch 171 | train loss: 0.065994 | val loss: 0.064489

Epoch 172 | train loss: 0.065966 | val loss: 0.064459

Epoch 173 | train loss: 0.065937 | val loss: 0.064430

Epoch 174 | train loss: 0.065907 | val loss: 0.064401

Epoch 175 | train loss: 0.065878 | val loss: 0.064372

Epoch 176 | train loss: 0.065851 | val loss: 0.064343

Epoch 177 | train loss: 0.065823 | val loss: 0.064314

Epoch 178 | train loss: 0.065793 | val loss: 0.064286

Epoch 179 | train loss: 0.065765 | val loss: 0.064257

Epoch 180 | train loss: 0.065737 | val loss: 0.064229

Epoch 181 | train loss: 0.065711 | val loss: 0.064200

Epoch 182 | train loss: 0.065683 | val loss: 0.064171

Epoch 183 | train loss: 0.065656 | val loss: 0.064144

Epoch 184 | train loss: 0.065627 | val loss: 0.064116

Epoch 185 | train loss: 0.065601 | val loss: 0.064089

Epoch 186 | train loss: 0.065574 | val loss: 0.064060

Epoch 187 | train loss: 0.065546 | val loss: 0.064033

Epoch 188 | train loss: 0.065519 | val loss: 0.064006

Epoch 189 | train loss: 0.065492 | val loss: 0.063978

Epoch 190 | train loss: 0.065466 | val loss: 0.063952

Epoch 191 | train loss: 0.065440 | val loss: 0.063924

Epoch 192 | train loss: 0.065414 | val loss: 0.063897

Epoch 193 | train loss: 0.065386 | val loss: 0.063871

Epoch 194 | train loss: 0.065359 | val loss: 0.063844

Epoch 195 | train loss: 0.065335 | val loss: 0.063818

Epoch 196 | train loss: 0.065309 | val loss: 0.063791

Epoch 197 | train loss: 0.065284 | val loss: 0.063765

Epoch 198 | train loss: 0.065258 | val loss: 0.063739

Epoch 199 | train loss: 0.065232 | val loss: 0.063713

Epoch 200 | train loss: 0.065209 | val loss: 0.063688

Epoch 201 | train loss: 0.065182 | val loss: 0.063662

Epoch 202 | train loss: 0.065158 | val loss: 0.063636

Epoch 203 | train loss: 0.065133 | val loss: 0.063612

Epoch 204 | train loss: 0.065109 | val loss: 0.063586

Epoch 205 | train loss: 0.065083 | val loss: 0.063562

Epoch 206 | train loss: 0.065058 | val loss: 0.063537

Epoch 207 | train loss: 0.065035 | val loss: 0.063512

Epoch 208 | train loss: 0.065010 | val loss: 0.063488

Epoch 209 | train loss: 0.064988 | val loss: 0.063463

Epoch 210 | train loss: 0.064962 | val loss: 0.063440

Epoch 211 | train loss: 0.064940 | val loss: 0.063415

Epoch 212 | train loss: 0.064916 | val loss: 0.063391

Epoch 213 | train loss: 0.064892 | val loss: 0.063368

Epoch 214 | train loss: 0.064869 | val loss: 0.063344

Epoch 215 | train loss: 0.064848 | val loss: 0.063321

Epoch 216 | train loss: 0.064825 | val loss: 0.063298

Epoch 217 | train loss: 0.064802 | val loss: 0.063274

Epoch 218 | train loss: 0.064778 | val loss: 0.063252

Epoch 219 | train loss: 0.064757 | val loss: 0.063229

Epoch 220 | train loss: 0.064735 | val loss: 0.063207

Epoch 221 | train loss: 0.064714 | val loss: 0.063185

Epoch 222 | train loss: 0.064691 | val loss: 0.063162

Epoch 223 | train loss: 0.064670 | val loss: 0.063141

Epoch 224 | train loss: 0.064648 | val loss: 0.063118

Epoch 225 | train loss: 0.064628 | val loss: 0.063097

Epoch 226 | train loss: 0.064605 | val loss: 0.063075

Epoch 227 | train loss: 0.064585 | val loss: 0.063054

Epoch 228 | train loss: 0.064564 | val loss: 0.063033

Epoch 229 | train loss: 0.064543 | val loss: 0.063012

Epoch 230 | train loss: 0.064521 | val loss: 0.062991

Epoch 231 | train loss: 0.064502 | val loss: 0.062970

Epoch 232 | train loss: 0.064483 | val loss: 0.062949

Epoch 233 | train loss: 0.064462 | val loss: 0.062929

Epoch 234 | train loss: 0.064443 | val loss: 0.062909

Epoch 235 | train loss: 0.064423 | val loss: 0.062889

Epoch 236 | train loss: 0.064403 | val loss: 0.062869

Epoch 237 | train loss: 0.064385 | val loss: 0.062849

Epoch 238 | train loss: 0.064364 | val loss: 0.062830

Epoch 239 | train loss: 0.064346 | val loss: 0.062811

Epoch 240 | train loss: 0.064326 | val loss: 0.062792

Epoch 241 | train loss: 0.064308 | val loss: 0.062773

Epoch 242 | train loss: 0.064290 | val loss: 0.062754

Epoch 243 | train loss: 0.064272 | val loss: 0.062735

Epoch 244 | train loss: 0.064254 | val loss: 0.062717

Epoch 245 | train loss: 0.064235 | val loss: 0.062699

Epoch 246 | train loss: 0.064218 | val loss: 0.062680

Epoch 247 | train loss: 0.064199 | val loss: 0.062662

Epoch 248 | train loss: 0.064182 | val loss: 0.062644

Epoch 249 | train loss: 0.064164 | val loss: 0.062626

Epoch 250 | train loss: 0.064148 | val loss: 0.062609

Epoch 251 | train loss: 0.064131 | val loss: 0.062592

Epoch 252 | train loss: 0.064114 | val loss: 0.062574

Epoch 253 | train loss: 0.064097 | val loss: 0.062558

Epoch 254 | train loss: 0.064080 | val loss: 0.062541

Epoch 255 | train loss: 0.064066 | val loss: 0.062524

Epoch 256 | train loss: 0.064048 | val loss: 0.062508

Epoch 257 | train loss: 0.064032 | val loss: 0.062491

Epoch 258 | train loss: 0.064015 | val loss: 0.062475

Epoch 259 | train loss: 0.064001 | val loss: 0.062458

Epoch 260 | train loss: 0.063984 | val loss: 0.062443

Epoch 261 | train loss: 0.063967 | val loss: 0.062427

Epoch 262 | train loss: 0.063952 | val loss: 0.062411

Epoch 263 | train loss: 0.063938 | val loss: 0.062396

Epoch 264 | train loss: 0.063922 | val loss: 0.062380

Epoch 265 | train loss: 0.063907 | val loss: 0.062365

Epoch 266 | train loss: 0.063893 | val loss: 0.062350

Epoch 267 | train loss: 0.063878 | val loss: 0.062335

Epoch 268 | train loss: 0.063864 | val loss: 0.062320

Epoch 269 | train loss: 0.063850 | val loss: 0.062305

Epoch 270 | train loss: 0.063835 | val loss: 0.062291

Epoch 271 | train loss: 0.063821 | val loss: 0.062276

Epoch 272 | train loss: 0.063808 | val loss: 0.062262

Epoch 273 | train loss: 0.063793 | val loss: 0.062248

Epoch 274 | train loss: 0.063780 | val loss: 0.062234

Epoch 275 | train loss: 0.063765 | val loss: 0.062220

Epoch 276 | train loss: 0.063752 | val loss: 0.062206

Epoch 277 | train loss: 0.063739 | val loss: 0.062192

Epoch 278 | train loss: 0.063726 | val loss: 0.062179

Epoch 279 | train loss: 0.063714 | val loss: 0.062165

Epoch 280 | train loss: 0.063699 | val loss: 0.062152

Epoch 281 | train loss: 0.063686 | val loss: 0.062139

Epoch 282 | train loss: 0.063673 | val loss: 0.062125

Epoch 283 | train loss: 0.063660 | val loss: 0.062113

Epoch 284 | train loss: 0.063648 | val loss: 0.062099

Epoch 285 | train loss: 0.063635 | val loss: 0.062087

Epoch 286 | train loss: 0.063622 | val loss: 0.062074

Epoch 287 | train loss: 0.063609 | val loss: 0.062061

Epoch 288 | train loss: 0.063598 | val loss: 0.062048

Epoch 289 | train loss: 0.063586 | val loss: 0.062036

Epoch 290 | train loss: 0.063573 | val loss: 0.062024

Epoch 291 | train loss: 0.063562 | val loss: 0.062011

Epoch 292 | train loss: 0.063549 | val loss: 0.061999

Epoch 293 | train loss: 0.063538 | val loss: 0.061986

Epoch 294 | train loss: 0.063526 | val loss: 0.061974

Epoch 295 | train loss: 0.063515 | val loss: 0.061962

Epoch 296 | train loss: 0.063502 | val loss: 0.061950

Epoch 297 | train loss: 0.063490 | val loss: 0.061938

Epoch 298 | train loss: 0.063478 | val loss: 0.061926

Epoch 299 | train loss: 0.063467 | val loss: 0.061914

Epoch 300 | train loss: 0.063455 | val loss: 0.061903

5) Evaluating ArtFire model...

Test loss: 0.061637
[Thu Apr 23 08:17:51 AM CEST 2026] Job finished
