[Wed Apr 29 03:18:46 AM CEST 2026] Job started on ly-w206
SLURM_JOB_ID=807793
PROJECT_DIR=/globalsc/users/b/a/baffetti/research/TransfomerROM
ENTRYPOINT=CAE_main.py
Activating environment: /globalsc/ulb/atm/baffetti/envs/artfire_new/bin/activate
/globalsc/users/b/a/baffetti/envs/artfire_new/bin/python
/globalsc/users/b/a/baffetti/envs/artfire_new/bin/pip
Python 3.11.3
Wed Apr 29 03:18:46 2026       
+-----------------------------------------------------------------------------------------+
| NVIDIA-SMI 570.124.06             Driver Version: 570.124.06     CUDA Version: 12.8     |
|-----------------------------------------+------------------------+----------------------+
| GPU  Name                 Persistence-M | Bus-Id          Disp.A | Volatile Uncorr. ECC |
| Fan  Temp   Perf          Pwr:Usage/Cap |           Memory-Usage | GPU-Util  Compute M. |
|                                         |                        |               MIG M. |
|=========================================+========================+======================|
|   0  NVIDIA RTX 6000 Ada Gene...    On  |   00000000:01:00.0 Off |                  Off |
| 45%   69C    P0            106W /  300W |       2MiB /  49140MiB |    100%      Default |
|                                         |                        |                  N/A |
+-----------------------------------------+------------------------+----------------------+
                                                                                         
+-----------------------------------------------------------------------------------------+
| Processes:                                                                              |
|  GPU   GI   CI              PID   Type   Process name                        GPU Memory |
|        ID   ID                                                               Usage      |
|=========================================================================================|
|  No running processes found                                                             |
+-----------------------------------------------------------------------------------------+
Python usato:
/globalsc/users/b/a/baffetti/envs/artfire_new/bin/python
/globalsc/users/b/a/baffetti/envs/artfire_new/bin/python
Torch test:
2.5.0+cu124

     █████╗ ██████╗ ████████╗███████╗██╗██████╗ ███████╗
    ██╔══██╗██╔══██╗╚══██╔══╝██╔════╝██║██╔══██╗██╔════╝
    ███████║██████╔╝   ██║   █████╗  ██║██████╔╝█████╗
    ██╔══██║██╔══██╗   ██║   ██╔══╝  ██║██╔══██╗██╔══╝
    ██║  ██║██║  ██║   ██║   ██║     ██║██║  ██║███████╗
    ╚═╝  ╚═╝╚═╝  ╚═╝   ╚═╝   ╚═╝     ╚═╝╚═╝  ╚═╝╚══════╝

     ████████╗██████╗  █████╗ ███╗   ██╗███████╗███████╗ ██████╗ ██████╗ ███╗   ███╗███████╗██████╗
     ╚══██╔══╝██╔══██╗██╔══██╗████╗  ██║██╔════╝██╔════╝██╔═══██╗██╔══██╗████╗ ████║██╔════╝██╔══██╗
        ██║   ██████╔╝███████║██╔██╗ ██║███████╗█████╗  ██║   ██║██████╔╝██╔████╔██║█████╗  ██████╔╝
        ██║   ██╔══██╗██╔══██║██║╚██╗██║╚════██║██╔══╝  ██║   ██║██╔══██╗██║╚██╔╝██║██╔══╝  ██╔══██╗
        ██║   ██║  ██║██║  ██║██║ ╚████║███████║██║     ╚██████╔╝██║  ██║██║ ╚═╝ ██║███████╗██║  ██║
        ╚═╝   ╚═╝  ╚═╝╚═╝  ╚═╝╚═╝  ╚═══╝╚══════╝╚═╝      ╚═════╝ ╚═╝  ╚═╝╚═╝     ╚═╝╚══════╝╚═╝  ╚═╝

                                   A R T F I R E   T R A N S F O R M E R
    
cuda available

Loading config...


Loading CAE data...


Initializing CAE model...


Setting up optimizer and scheduler...


Setting up the CAE Trainer...


learning for 60 epochs


 Epoch 001 | train loss: 0.812208 | val loss: 0.267128

 Epoch 002 | train loss: 0.113399 | val loss: 0.067129

 Epoch 003 | train loss: 0.057025 | val loss: 0.049594

 Epoch 004 | train loss: 0.050313 | val loss: 0.042751

 Epoch 005 | train loss: 0.048996 | val loss: 0.039591

 Epoch 006 | train loss: 0.042121 | val loss: 0.037273

 Epoch 007 | train loss: 0.039818 | val loss: 0.035543

 Epoch 008 | train loss: 0.035587 | val loss: 0.034313

 Epoch 009 | train loss: 0.074975 | val loss: 0.035672

 Epoch 010 | train loss: 0.033257 | val loss: 0.032320

 Epoch 011 | train loss: 0.031454 | val loss: 0.030490

 Epoch 012 | train loss: 0.030837 | val loss: 0.029318

 Epoch 013 | train loss: 0.029835 | val loss: 0.027850

 Epoch 014 | train loss: 0.029457 | val loss: 0.027048

 Epoch 015 | train loss: 0.026300 | val loss: 0.025611

 Epoch 016 | train loss: 0.025103 | val loss: 0.024758

 Epoch 017 | train loss: 0.024043 | val loss: 0.023746

 Epoch 018 | train loss: 0.023027 | val loss: 0.022783

 Epoch 019 | train loss: 0.022193 | val loss: 0.021850

 Epoch 020 | train loss: 0.021130 | val loss: 0.020729

 Epoch 021 | train loss: 0.021141 | val loss: 0.020506

 Epoch 022 | train loss: 0.019930 | val loss: 0.019275

 Epoch 023 | train loss: 0.018713 | val loss: 0.018545

 Epoch 024 | train loss: 0.018403 | val loss: 0.018493

 Epoch 025 | train loss: 0.017706 | val loss: 0.017197

 Epoch 026 | train loss: 0.016987 | val loss: 0.016836

 Epoch 027 | train loss: 0.016551 | val loss: 0.016739

 Epoch 028 | train loss: 0.016107 | val loss: 0.015903

 Epoch 029 | train loss: 0.015773 | val loss: 0.015420

 Epoch 030 | train loss: 0.015073 | val loss: 0.014955

 Epoch 031 | train loss: 0.014863 | val loss: 0.015011

 Epoch 032 | train loss: 0.014493 | val loss: 0.017877

 Epoch 033 | train loss: 0.014377 | val loss: 0.014008

 Epoch 034 | train loss: 0.014222 | val loss: 0.013624

 Epoch 035 | train loss: 0.013381 | val loss: 0.013360

 Epoch 036 | train loss: 0.013184 | val loss: 0.013060

 Epoch 037 | train loss: 0.012906 | val loss: 0.013014

 Epoch 038 | train loss: 0.012758 | val loss: 0.012849

 Epoch 039 | train loss: 0.012659 | val loss: 0.012596

 Epoch 040 | train loss: 0.012597 | val loss: 0.012653

 Epoch 041 | train loss: 0.012178 | val loss: 0.012137

 Epoch 042 | train loss: 0.012101 | val loss: 0.012019

 Epoch 043 | train loss: 0.011896 | val loss: 0.011810

 Epoch 044 | train loss: 0.011857 | val loss: 0.012583

 Epoch 045 | train loss: 0.011797 | val loss: 0.011773

 Epoch 046 | train loss: 0.011571 | val loss: 0.012423

 Epoch 047 | train loss: 0.011759 | val loss: 0.011969

 Epoch 048 | train loss: 0.011422 | val loss: 0.011347

 Epoch 049 | train loss: 0.011264 | val loss: 0.011312

 Epoch 050 | train loss: 0.011427 | val loss: 0.011570

 Epoch 051 | train loss: 0.011232 | val loss: 0.011183

 Epoch 052 | train loss: 0.011100 | val loss: 0.011215

 Epoch 053 | train loss: 0.011298 | val loss: 0.012311

 Epoch 054 | train loss: 0.011170 | val loss: 0.011053

 Epoch 055 | train loss: 0.011044 | val loss: 0.011088

 Epoch 056 | train loss: 0.011063 | val loss: 0.010938

 Epoch 057 | train loss: 0.010888 | val loss: 0.011001

 Epoch 058 | train loss: 0.011001 | val loss: 0.010936

 Epoch 059 | train loss: 0.010885 | val loss: 0.010974

 Epoch 060 | train loss: 0.011020 | val loss: 0.011128

Evaluating CAE model...

Test loss: 0.010838

Setting up Transformer forecaster data...


Initializing the Transformer model...


Setting up optimizer and scheduler...


Setting up the Transformer Trainer...


learning for 60 epochs

