[Tue Apr 21 04:34:11 PM CEST 2026] Job started on ly-w206
SLURM_JOB_ID=795303
PROJECT_DIR=/globalsc/users/b/a/baffetti/research/TransfomerROM
ENTRYPOINT=CAEst_main.py
Activating environment: /globalsc/ulb/atm/baffetti/envs/artfire_new/bin/activate
/globalsc/users/b/a/baffetti/envs/artfire_new/bin/python
/globalsc/users/b/a/baffetti/envs/artfire_new/bin/pip
Python 3.11.3
Tue Apr 21 16:34:12 2026       
+-----------------------------------------------------------------------------------------+
| NVIDIA-SMI 570.124.06             Driver Version: 570.124.06     CUDA Version: 12.8     |
|-----------------------------------------+------------------------+----------------------+
| GPU  Name                 Persistence-M | Bus-Id          Disp.A | Volatile Uncorr. ECC |
| Fan  Temp   Perf          Pwr:Usage/Cap |           Memory-Usage | GPU-Util  Compute M. |
|                                         |                        |               MIG M. |
|=========================================+========================+======================|
|   0  NVIDIA RTX 6000 Ada Gene...    On  |   00000000:01:00.0 Off |                  Off |
| 30%   35C    P8             27W /  300W |       2MiB /  49140MiB |      0%      Default |
|                                         |                        |                  N/A |
+-----------------------------------------+------------------------+----------------------+
                                                                                         
+-----------------------------------------------------------------------------------------+
| Processes:                                                                              |
|  GPU   GI   CI              PID   Type   Process name                        GPU Memory |
|        ID   ID                                                               Usage      |
|=========================================================================================|
|  No running processes found                                                             |
+-----------------------------------------------------------------------------------------+
Python usato:
/globalsc/users/b/a/baffetti/envs/artfire_new/bin/python
/globalsc/users/b/a/baffetti/envs/artfire_new/bin/python
Torch test:
2.5.0+cu124

     █████╗ ██████╗ ████████╗███████╗██╗██████╗ ███████╗
    ██╔══██╗██╔══██╗╚══██╔══╝██╔════╝██║██╔══██╗██╔════╝
    ███████║██████╔╝   ██║   █████╗  ██║██████╔╝█████╗
    ██╔══██║██╔══██╗   ██║   ██╔══╝  ██║██╔══██╗██╔══╝
    ██║  ██║██║  ██║   ██║   ██║     ██║██║  ██║███████╗
    ╚═╝  ╚═╝╚═╝  ╚═╝   ╚═╝   ╚═╝     ╚═╝╚═╝  ╚═╝╚══════╝

     ████████╗██████╗  █████╗ ███╗   ██╗███████╗███████╗ ██████╗ ██████╗ ███╗   ███╗███████╗██████╗
     ╚══██╔══╝██╔══██╗██╔══██╗████╗  ██║██╔════╝██╔════╝██╔═══██╗██╔══██╗████╗ ████║██╔════╝██╔══██╗
        ██║   ██████╔╝███████║██╔██╗ ██║███████╗█████╗  ██║   ██║██████╔╝██╔████╔██║█████╗  ██████╔╝
        ██║   ██╔══██╗██╔══██║██║╚██╗██║╚════██║██╔══╝  ██║   ██║██╔══██╗██║╚██╔╝██║██╔══╝  ██╔══██╗
        ██║   ██║  ██║██║  ██║██║ ╚████║███████║██║     ╚██████╔╝██║  ██║██║ ╚═╝ ██║███████╗██║  ██║
        ╚═╝   ╚═╝  ╚═╝╚═╝  ╚═╝╚═╝  ╚═══╝╚══════╝╚═╝      ╚═════╝ ╚═╝  ╚═╝╚═╝     ╚═╝╚══════╝╚═╝  ╚═╝

                                   A R T F I R E   T R A N S F O R M E R
    
cuda available

Loading config...


Loading CAE data...


Initializing CAE model...


Setting up optimizer and scheduler...


Setting up the CAE Trainer...


learning for 4 epochs


 Epoch 001 | train loss: 1.916895 | val loss: 1.563712

 Epoch 002 | train loss: 0.692382 | val loss: 0.204351

 Epoch 003 | train loss: 0.102907 | val loss: 0.060064

 Epoch 004 | train loss: 0.055312 | val loss: 0.053093

Evaluating CAE model...

Test loss: 0.052853

Setting up Transformer forecaster data...


Initializing the Transformer model...


Setting up optimizer and scheduler...


Setting up the Transformer Trainer...


learning for 4 epochs


Epoch 001 | train loss: 33.106124 | val loss: 26.181978

Epoch 002 | train loss: 17.449932 | val loss: 11.558372

Epoch 003 | train loss: 8.090822 | val loss: 6.022554

Epoch 004 | train loss: 4.834111 | val loss: 3.998692

Evaluating Transformer model...

Test loss: 3.944511

 Training the overall architecture...


 1) Setting up the data loaders...


2) Initializing the ArtFire model...


3) Setting up optimizer and scheduler...


4) Setting up the ArtFire Trainer...


learning for 4 epochs


Epoch 001 | train loss: 0.660103 | val loss: 0.651365

Epoch 002 | train loss: 0.628703 | val loss: 0.609337

Epoch 003 | train loss: 0.581295 | val loss: 0.558282

Epoch 004 | train loss: 0.527511 | val loss: 0.503256

5) Evaluating ArtFire model...

Test loss: 0.502983
[Tue Apr 21 04:49:34 PM CEST 2026] Job finished
