[Fri Apr 24 08:27:42 AM CEST 2026] Job started on ly-w106
SLURM_JOB_ID=803632
PROJECT_DIR=/globalsc/users/b/a/baffetti/research/TransfomerROM
ENTRYPOINT=Baseline_hpo.py
Activating environment: /globalsc/ulb/atm/baffetti/envs/artfire_new/bin/activate
/globalsc/users/b/a/baffetti/envs/artfire_new/bin/python
/globalsc/users/b/a/baffetti/envs/artfire_new/bin/pip
Python 3.11.3
Fri Apr 24 08:27:42 2026       
+-----------------------------------------------------------------------------------------+
| NVIDIA-SMI 570.124.06             Driver Version: 570.124.06     CUDA Version: 12.8     |
|-----------------------------------------+------------------------+----------------------+
| GPU  Name                 Persistence-M | Bus-Id          Disp.A | Volatile Uncorr. ECC |
| Fan  Temp   Perf          Pwr:Usage/Cap |           Memory-Usage | GPU-Util  Compute M. |
|                                         |                        |               MIG M. |
|=========================================+========================+======================|
|   0  NVIDIA RTX 6000 Ada Gene...    On  |   00000000:01:00.0 Off |                  Off |
| 30%   37C    P8             23W /  300W |       2MiB /  49140MiB |      0%      Default |
|                                         |                        |                  N/A |
+-----------------------------------------+------------------------+----------------------+
                                                                                         
+-----------------------------------------------------------------------------------------+
| Processes:                                                                              |
|  GPU   GI   CI              PID   Type   Process name                        GPU Memory |
|        ID   ID                                                               Usage      |
|=========================================================================================|
|  No running processes found                                                             |
+-----------------------------------------------------------------------------------------+
Python usato:
/globalsc/users/b/a/baffetti/envs/artfire_new/bin/python
/globalsc/users/b/a/baffetti/envs/artfire_new/bin/python
Torch test:
2.5.0+cu124
[I 2026-04-24 09:18:14,350] Trial 23 finished with value: 0.010937070056191973 and parameters: {'lr': 0.0027805138196062467, 'weight_decay': 0.0002090063243824766, 'optimizer': 'adam', 'use_lookahead': True, 'gradient_clip': 5.0, 'batch_size': 4, 'scheduler_power': 3, 'warmup_steps': 16, 'min_lr_ratio': 0.12782810879395198, 'hidden_channels': 64, 'n_blocks': 2, 'use_residual': True}. Best is trial 10 with value: 0.009017658621274136.
[I 2026-04-24 10:09:08,636] Trial 24 finished with value: 0.038339698052889594 and parameters: {'lr': 0.004595167777580398, 'weight_decay': 7.5192348091155305e-06, 'optimizer': 'adam', 'use_lookahead': True, 'gradient_clip': 1.0, 'batch_size': 4, 'scheduler_power': 3, 'warmup_steps': 18, 'min_lr_ratio': 0.3657721821688972, 'hidden_channels': 64, 'n_blocks': 3, 'use_residual': False}. Best is trial 10 with value: 0.009017658621274136.
